Component: ARM Compiler 5.06 update 7 (build 960) Tool: armlink [4d3601]

==============================================================================

Section Cross References

    main.o(.text) refers to glcd_spi_lpc1700.o(.text) for GLCD_Init
    main.o(.text) refers to kbd.o(.text) for KBD_Init
    main.o(.text) refers to menu.o(.text) for main_menu
    main.o(.text) refers to photo_gallery.o(.text) for photo_gallery
    main.o(.text) refers to audio_player.o(.text) for audio_player
    main.o(.text) refers to game_center.o(.text) for game_center
    menu.o(.text) refers to glcd_spi_lpc1700.o(.text) for GLCD_SetBackColor
    menu.o(.text) refers to kbd.o(.text) for KBD_Init
    menu.o(.text) refers to rt_cmsis.o(i.osDelay) for osDelay
    photo_gallery.o(.text) refers to glcd_spi_lpc1700.o(.text) for GLCD_Clear
    photo_gallery.o(.text) refers to kbd.o(.text) for get_button
    photo_gallery.o(.text) refers to rt_cmsis.o(i.osDelay) for osDelay
    photo_gallery.o(.text) refers to photo_gallery.o(.data) for .data
    photo_gallery.o(.data) refers to starship.o(.constdata) for STARSHIP_pixel_data
    photo_gallery.o(.data) refers to falcon9.o(.constdata) for FALCON9_pixel_data
    photo_gallery.o(.data) refers to saturnv.o(.constdata) for SATURNV_pixel_data
    audio_player.o(.text) refers to kbd.o(.text) for get_button
    audio_player.o(.text) refers to glcd_spi_lpc1700.o(.text) for GLCD_Clear
    audio_player.o(.text) refers to system_lpc17xx.o(.text) for SystemClockUpdate
    audio_player.o(.text) refers to usbhw.o(.text) for USB_Init
    audio_player.o(.text) refers to audio_player.o(.data) for .data
    audio_player.o(.text) refers to adcuser.o(.data) for VolCur
    audio_player.o(.text) refers to system_lpc17xx.o(.data) for SystemFrequency
    game_center.o(.text) refers to glcd_spi_lpc1700.o(.text) for GLCD_Clear
    game_center.o(.text) refers to kbd.o(.text) for get_button
    game_center.o(.text) refers to tictactoe.o(.text) for tictactoe_main
    game_center.o(.text) refers to rt_cmsis.o(i.osDelay) for osDelay
    game_center.o(.text) refers to game_center.o(.data) for .data
    glcd_spi_lpc1700.o(.text) refers to glcd_spi_lpc1700.o(.data) for .data
    glcd_spi_lpc1700.o(.text) refers to glcd_spi_lpc1700.o(.constdata) for .constdata
    led.o(.text) refers to led.o(.constdata) for .constdata
    adcuser.o(.text) refers to usbcore.o(.data) for SetupPacket
    adcuser.o(.text) refers to usbcore.o(.bss) for EP0Buf
    adcuser.o(.text) refers to audio_player.o(.data) for Mute
    adcuser.o(.text) refers to adcuser.o(.data) for .data
    usbcore.o(.text) refers to usbhw.o(.text) for USB_ReadEP
    usbcore.o(.text) refers to usbcore.o(i.USB_ReqGetStatus) for USB_ReqGetStatus
    usbcore.o(.text) refers to usbcore.o(i.USB_ReqSetClrFeature) for USB_ReqSetClrFeature
    usbcore.o(.text) refers to usbcore.o(i.USB_ReqGetDescriptor) for USB_ReqGetDescriptor
    usbcore.o(.text) refers to usbcore.o(i.USB_ReqSetConfiguration) for USB_ReqSetConfiguration
    usbcore.o(.text) refers to usbcore.o(i.USB_ReqSetInterface) for USB_ReqSetInterface
    usbcore.o(.text) refers to adcuser.o(.text) for ADC_IF_GetRequest
    usbcore.o(.text) refers to usbcore.o(.data) for .data
    usbcore.o(.text) refers to usbcore.o(.bss) for .bss
    usbhw.o(.text) refers to usbhw.o(.data) for .data
    usbhw.o(.text) refers to usbhw.o(.bss) for .bss
    usbhw.o(.text) refers to usbhw.o(USB_RAM) for USB_RAM
    usbhw.o(.text) refers to usbcore.o(.data) for USB_DeviceStatus
    usbhw.o(.text) refers to usbhw.o(.constdata) for .constdata
    usbhw.o(.text) refers to usbuser.o(.text) for USB_Reset_Event
    usbhw.o(.text) refers to usbuser.o(.constdata) for USB_P_EP
    usbuser.o(.text) refers to usbcore.o(.text) for USB_ResetCore
    usbuser.o(.text) refers to usbhw.o(.text) for USB_DMA_BufAdr
    usbuser.o(.text) refers to audio_player.o(.data) for DataBuf
    usbuser.o(.text) refers to audio_player.o(.data) for InfoBuf
    usbuser.o(.constdata) refers to usbcore.o(.text) for USB_EndPoint0
    usbuser.o(.constdata) refers to usbuser.o(.text) for USB_EndPoint3
    tictactoe.o(.text) refers to glcd_spi_lpc1700.o(.text) for GLCD_Clear
    tictactoe.o(.text) refers to kbd.o(.text) for get_button
    tictactoe.o(.text) refers to rt_cmsis.o(i.osDelay) for osDelay
    tictactoe.o(.text) refers to tictactoe.o(.bss) for .bss
    tictactoe.o(.text) refers to tictactoe_x.o(.constdata) for TICTACTOE_X_pixel_data
    tictactoe.o(.text) refers to tictactoe_o.o(.constdata) for TICTACTOE_O_pixel_data
    tictactoe.o(.text) refers to tictactoe.o(.data) for .data
    rtx_conf_cm.o(.ARM.Collect$$$$000000FF) refers to rt_cmsis.o(i.osKernelInitialize) for osKernelInitialize
    rtx_conf_cm.o(.ARM.Collect$$$$000000FF) refers to rt_cmsis.o(i.osThreadCreate) for osThreadCreate
    rtx_conf_cm.o(.ARM.Collect$$$$000000FF) refers to rt_cmsis.o(i.osKernelStart) for osKernelStart
[...]
    rt_semaphore.o(i.rt_sem_psh) refers to rt_list.o(i.rt_rmv_dly) for rt_rmv_dly
    rt_semaphore.o(i.rt_sem_psh) refers to hal_cm.o(i.rt_ret_val) for rt_ret_val
    rt_semaphore.o(i.rt_sem_psh) refers to rt_list.o(i.rt_put_prio) for rt_put_prio
    rt_semaphore.o(i.rt_sem_psh) refers to rt_list.o(.bss) for os_rdy
    rt_semaphore.o(i.rt_sem_send) refers to rt_list.o(i.rt_get_first) for rt_get_first
    rt_semaphore.o(i.rt_sem_send) refers to hal_cm.o(i.rt_ret_val) for rt_ret_val
    rt_semaphore.o(i.rt_sem_send) refers to rt_list.o(i.rt_rmv_dly) for rt_rmv_dly
    rt_semaphore.o(i.rt_sem_send) refers to rt_task.o(i.rt_dispatch) for rt_dispatch
    rt_semaphore.o(i.rt_sem_wait) refers to rt_list.o(i.rt_put_prio) for rt_put_prio
    rt_semaphore.o(i.rt_sem_wait) refers to rt_task.o(i.rt_block) for rt_block
    rt_semaphore.o(i.rt_sem_wait) refers to rt_task.o(.data) for os_tsk
    rt_time.o(i.rt_dly_wait) refers to rt_task.o(i.rt_block) for rt_block
    rt_time.o(i.rt_itv_set) refers to rt_task.o(.data) for os_tsk
    rt_time.o(i.rt_itv_set) refers to rt_time.o(.data) for .data
    rt_time.o(i.rt_itv_wait) refers to rt_task.o(i.rt_block) for rt_block
    rt_time.o(i.rt_itv_wait) refers to rt_task.o(.data) for os_tsk
    rt_time.o(i.rt_itv_wait) refers to rt_time.o(.data) for .data
    rt_time.o(i.rt_time_get) refers to rt_time.o(.data) for .data
    rt_mutex.o(i.rt_mut_delete) refers to rt_list.o(i.rt_resort_prio) for rt_resort_prio
    rt_mutex.o(i.rt_mut_delete) refers to rt_list.o(i.rt_get_first) for rt_get_first
    rt_mutex.o(i.rt_mut_delete) refers to hal_cm.o(i.rt_ret_val) for rt_ret_val
    rt_mutex.o(i.rt_mut_delete) refers to rt_list.o(i.rt_rmv_dly) for rt_rmv_dly
    rt_mutex.o(i.rt_mut_delete) refers to rt_list.o(i.rt_put_prio) for rt_put_prio
    rt_mutex.o(i.rt_mut_delete) refers to rt_task.o(i.rt_dispatch) for rt_dispatch
    rt_mutex.o(i.rt_mut_delete) refers to rt_task.o(.data) for os_tsk
    rt_mutex.o(i.rt_mut_delete) refers to rt_list.o(.bss) for os_rdy
    rt_mutex.o(i.rt_mut_release) refers to rt_list.o(i.rt_get_first) for rt_get_first
    rt_mutex.o(i.rt_mut_release) refers to hal_cm.o(i.rt_ret_val) for rt_ret_val
    rt_mutex.o(i.rt_mut_release) refers to rt_list.o(i.rt_rmv_dly) for rt_rmv_dly
    rt_mutex.o(i.rt_mut_release) refers to rt_list.o(i.rt_put_prio) for rt_put_prio
    rt_mutex.o(i.rt_mut_release) refers to rt_task.o(i.rt_dispatch) for rt_dispatch
    rt_mutex.o(i.rt_mut_release) refers to rt_task.o(.data) for os_tsk
    rt_mutex.o(i.rt_mut_release) refers to rt_list.o(.bss) for os_rdy
    rt_mutex.o(i.rt_mut_wait) refers to rt_list.o(i.rt_resort_prio) for rt_resort_prio
    rt_mutex.o(i.rt_mut_wait) refers to rt_list.o(i.rt_put_prio) for rt_put_prio
    rt_mutex.o(i.rt_mut_wait) refers to rt_task.o(i.rt_block) for rt_block
    rt_mutex.o(i.rt_mut_wait) refers to rt_task.o(.data) for os_tsk
    rt_membox.o(i._calloc_box) refers to hal_cm3.o(.emb_text) for _alloc_box
    hal_cm.o(i.dbg_init) refers to hal_cm.o(.data) for .data
    hal_cm.o(i.rt_init_stack) refers to rtx_conf_cm.o(.constdata) for os_stackinfo
    rt_robin.o(i.rt_chk_robin) refers to rt_list.o(i.rt_get_first) for rt_get_first
    rt_robin.o(i.rt_chk_robin) refers to rt_list.o(i.rt_put_prio) for rt_put_prio
    rt_robin.o(i.rt_chk_robin) refers to rt_robin.o(.data) for .data
    rt_robin.o(i.rt_chk_robin) refers to rt_list.o(.bss) for os_rdy
    rt_robin.o(i.rt_chk_robin) refers to rt_time.o(.data) for os_time
    rt_robin.o(i.rt_init_robin) refers to rt_robin.o(.data) for .data
    rt_robin.o(i.rt_init_robin) refers to rtx_conf_cm.o(.constdata) for os_rrobin
    hal_cm3.o(.emb_text) refers to rtx_conf_cm.o(.constdata) for os_flags
    hal_cm3.o(.emb_text) refers to rt_membox.o(i.rt_alloc_box) for rt_alloc_box
    hal_cm3.o(.emb_text) refers to rt_membox.o(i.rt_free_box) for rt_free_box
    hal_cm3.o(.emb_text) refers to rt_system.o(i.rt_stk_check) for rt_stk_check
    hal_cm3.o(.emb_text) refers to rt_task.o(.data) for os_tsk
    hal_cm3.o(.emb_text) refers to svc_table.o(SVC_TABLE) for SVC_Count
    hal_cm3.o(.emb_text) refers to rt_system.o(i.rt_pop_req) for rt_pop_req
    hal_cm3.o(.emb_text) refers to rt_system.o(i.rt_systick) for rt_systick
    hal_cm3.o(.emb_text) refers to rt_system.o(i.os_tick_irqack) for os_tick_irqack
    entry.o(.ARM.Collect$$$$00000000) refers (Special) to entry10a.o(.ARM.Collect$$$$0000000F) for __rt_final_cpp
    entry.o(.ARM.Collect$$$$00000000) refers (Special) to entry11a.o(.ARM.Collect$$$$00000011) for __rt_final_exit
    entry.o(.ARM.Collect$$$$00000000) refers (Special) to entry12b.o(.ARM.Collect$$$$0000000E) for __rt_lib_shutdown_fini
    entry.o(.ARM.Collect$$$$00000000) refers (Special) to entry7b.o(.ARM.Collect$$$$00000008) for _main_clock
    entry.o(.ARM.Collect$$$$00000000) refers (Special) to entry8b.o(.ARM.Collect$$$$0000000A) for _main_cpp_init
    entry.o(.ARM.Collect$$$$00000000) refers (Special) to rtx_conf_cm.o(.ARM.Collect$$$$000000FF) for _main_init
    entry.o(.ARM.Collect$$$$00000000) refers (Special) to entry5.o(.ARM.Collect$$$$00000004) for _main_scatterload
    entry.o(.ARM.Collect$$$$00000000) refers (Special) to entry2.o(.ARM.Collect$$$$00000001) for _main_stk
    uldiv.o(.text) refers to llushr.o(.text) for __aeabi_llsr
    uldiv.o(.text) refers to llshl.o(.text) for __aeabi_llsl
    entry2.o(.ARM.Collect$$$$00000001) refers to entry2.o(.ARM.Collect$$$$00002712) for __lit__00000000
    entry2.o(.ARM.Collect$$$$00002712) refers to startup_lpc17xx.o(STACK) for __initial_sp
    entry2.o(__vectab_stack_and_reset_area) refers to startup_lpc17xx.o(STACK) for __initial_sp
    entry2.o(__vectab_stack_and_reset_area) refers to entry.o(.ARM.Collect$$$$00000000) for __main
    entry5.o(.ARM.Collect$$$$00000004) refers to init.o(.text) for __scatterload
    init.o(.text) refers to entry5.o(.ARM.Collect$$$$00000004) for __main_after_scatterload
    usbcore.o(i.USB_ReqSetClrFeature) refers to usbhw.o(.text) for USB_WakeUpCfg
    usbcore.o(i.USB_ReqSetClrFeature) refers to usbcore.o(.data) for .data
    usbcore.o(i.USB_ReqSetConfiguration) refers to usbhw.o(.text) for USB_DisableEP
    usbcore.o(i.USB_ReqSetConfiguration) refers to usbcore.o(.data) for .data
    usbcore.o(i.USB_ReqSetConfiguration) refers to usbdesc.o(.constdata) for USB_ConfigDescriptor
    usbcore.o(i.USB_ReqSetInterface) refers to usbhw.o(.text) for USB_ConfigEP
    usbcore.o(i.USB_ReqSetInterface) refers to usbcore.o(.data) for .data
    usbcore.o(i.USB_ReqSetInterface) refers to usbdesc.o(.constdata) for USB_ConfigDescriptor
    usbcore.o(i.USB_ReqGetStatus) refers to usbcore.o(.data) for .data
    usbcore.o(i.USB_ReqGetStatus) refers to usbcore.o(.bss) for .bss
    usbcore.o(i.USB_ReqGetDescriptor) refers to usbcore.o(.data) for .data
    usbcore.o(i.USB_ReqGetDescriptor) refers to usbdesc.o(.constdata) for USB_DeviceDescriptor
    usbcore.o(i.USB_ReqGetDescriptor) refers to usbdesc.o(.constdata) for USB_ConfigDescriptor
    usbcore.o(i.USB_ReqGetDescriptor) refers to usbdesc.o(.constdata) for USB_StringDescriptor


==============================================================================

Removing Unused input sections from the image.

    Removing menu.o(.data), (4 bytes).
    Removing menu.o(.data), (4 bytes).
    Removing led.o(.text), (136 bytes).
    Removing led.o(.constdata), (32 bytes).
    Removing kbd.o(.data), (4 bytes).
    Removing adcuser.o(.constdata), (2 bytes).
    Removing adcuser.o(.constdata), (2 bytes).
    Removing adcuser.o(.constdata), (2 bytes).
    Removing usbhw.o(USB_RAM), (256 bytes).
    Removing usbhw.o(USB_RAM), (160 bytes).
    Removing core_cm3.o(.emb_text), (32 bytes).
    Removing rtx_conf_cm.o(.constdata), (4 bytes).
    Removing rtx_conf_cm.o(.constdata), (4 bytes).
    Removing rtx_conf_cm.o(.constdata), (2 bytes).
    Removing rtx_conf_cm.o(.constdata), (2 bytes).
    Removing rtx_conf_cm.o(.data), (4 bytes).
    Removing gpio_lpc17xx.o(.text), (124 bytes).
    Removing pin_lpc17xx.o(.text), (152 bytes).
    Removing startup_lpc17xx.o(HEAP), (0 bytes).
    Removing rt_cmsis.o(.rev16_text), (4 bytes).
    Removing rt_cmsis.o(.revsh_text), (4 bytes).
    Removing rt_cmsis.o(.rrx_text), (6 bytes).
    Removing rt_cmsis.o(i.isrSemaphoreRelease), (40 bytes).
    Removing rt_cmsis.o(i.isrSignalSet), (36 bytes).
    Removing rt_cmsis.o(i.osKernelRunning), (36 bytes).
    Removing rt_cmsis.o(i.osKernelSysTick), (24 bytes).
    Removing rt_cmsis.o(i.osMailAlloc), (28 bytes).
    Removing rt_cmsis.o(i.osMailCAlloc), (48 bytes).
    Removing rt_cmsis.o(i.osMailCreate), (44 bytes).
    Removing rt_cmsis.o(i.osMailFree), (28 bytes).
    Removing rt_cmsis.o(i.osMailGet), (22 bytes).
    Removing rt_cmsis.o(i.osMailPut), (20 bytes).
    Removing rt_cmsis.o(i.osMessageCreate), (44 bytes).
    Removing rt_cmsis.o(i.osMessagePut), (24 bytes).
    Removing rt_cmsis.o(i.osMutexCreate), (44 bytes).
    Removing rt_cmsis.o(i.osMutexDelete), (24 bytes).
    Removing rt_cmsis.o(i.osMutexRelease), (24 bytes).
    Removing rt_cmsis.o(i.osMutexWait), (24 bytes).
    Removing rt_cmsis.o(i.osPoolAlloc), (32 bytes).
    Removing rt_cmsis.o(i.osPoolCAlloc), (52 bytes).
    Removing rt_cmsis.o(i.osPoolCreate), (44 bytes).
    Removing rt_cmsis.o(i.osPoolFree), (32 bytes).
    Removing rt_cmsis.o(i.osSemaphoreCreate), (44 bytes).
    Removing rt_cmsis.o(i.osSemaphoreDelete), (24 bytes).
    Removing rt_cmsis.o(i.osSemaphoreRelease), (24 bytes).
    Removing rt_cmsis.o(i.osSemaphoreWait), (24 bytes).
    Removing rt_cmsis.o(i.osSignalClear), (24 bytes).
    Removing rt_cmsis.o(i.osSignalSet), (24 bytes).
    Removing rt_cmsis.o(i.osSignalWait), (24 bytes).
    Removing rt_cmsis.o(i.osThreadGetId), (24 bytes).
    Removing rt_cmsis.o(i.osThreadGetPriority), (24 bytes).
    Removing rt_cmsis.o(i.osThreadSetPriority), (24 bytes).
    Removing rt_cmsis.o(i.osThreadTerminate), (24 bytes).
    Removing rt_cmsis.o(i.osThreadYield), (24 bytes).
    Removing rt_cmsis.o(i.osTimerCreate), (44 bytes).
    Removing rt_cmsis.o(i.osTimerDelete), (24 bytes).
    Removing rt_cmsis.o(i.osTimerStart), (24 bytes).
    Removing rt_cmsis.o(i.osTimerStop), (24 bytes).
    Removing rt_cmsis.o(i.osWait), (4 bytes).
    Removing rt_cmsis.o(i.os_resume), (12 bytes).
    Removing rt_cmsis.o(i.os_suspend), (12 bytes).
    Removing rt_cmsis.o(i.rt_clr_box), (24 bytes).
    Removing rt_cmsis.o(i.rt_timer_remove), (60 bytes).
    Removing rt_cmsis.o(i.svcKernelRunning), (12 bytes).
    Removing rt_cmsis.o(i.svcKernelSysTick), (56 bytes).
    Removing rt_cmsis.o(i.svcMailCreate), (66 bytes).
    Removing rt_cmsis.o(i.svcMessagePut), (54 bytes).
    Removing rt_cmsis.o(i.svcMutexCreate), (28 bytes).
    Removing rt_cmsis.o(i.svcMutexDelete), (26 bytes).
    Removing rt_cmsis.o(i.svcMutexRelease), (34 bytes).
    Removing rt_cmsis.o(i.svcMutexWait), (58 bytes).
    Removing rt_cmsis.o(i.svcPoolCreate), (40 bytes).
    Removing rt_cmsis.o(i.svcSemaphoreCreate), (36 bytes).
    Removing rt_cmsis.o(i.svcSemaphoreDelete), (26 bytes).
    Removing rt_cmsis.o(i.svcSemaphoreRelease), (40 bytes).
    Removing rt_cmsis.o(i.svcSemaphoreWait), (50 bytes).
    Removing rt_cmsis.o(i.svcSignalClear), (36 bytes).
    Removing rt_cmsis.o(i.svcSignalSet), (36 bytes).
    Removing rt_cmsis.o(i.svcSignalWait), (84 bytes).
    Removing rt_cmsis.o(i.svcThreadGetPriority), (18 bytes).
    Removing rt_cmsis.o(i.svcThreadSetPriority), (46 bytes).
    Removing rt_cmsis.o(i.svcThreadYield), (10 bytes).
    Removing rt_cmsis.o(i.svcTimerCreate), (56 bytes).
    Removing rt_cmsis.o(i.svcTimerDelete), (40 bytes).
    Removing rt_cmsis.o(i.svcTimerStart), (100 bytes).
    Removing rt_cmsis.o(i.svcTimerStop), (36 bytes).
    Removing rt_cmsis.o(i.sysMailAlloc), (88 bytes).
    Removing rt_cmsis.o(i.sysMailFree), (96 bytes).
    Removing rt_cmsis.o(i.sysPoolAlloc), (10 bytes).
    Removing rt_cmsis.o(i.sysPoolFree), (20 bytes).
    Removing rt_cmsis.o(i.sysUserTimerUpdate), (48 bytes).
    Removing rt_cmsis.o(i.sysUserTimerWakeupTime), (20 bytes).
    Removing rt_task.o(i.rt_tsk_pass), (48 bytes).
    Removing rt_system.o(.emb_text), (0 bytes).
    Removing rt_system.o(i.os_tick_ovf), (16 bytes).
    Removing rt_system.o(i.os_tick_val), (20 bytes).
    Removing rt_system.o(i.rt_resume), (136 bytes).
    Removing rt_system.o(i.rt_suspend), (36 bytes).
    Removing rt_system.o(i.rt_tsk_lock), (80 bytes).
    Removing rt_system.o(i.rt_tsk_unlock), (80 bytes).
    Removing rt_event.o(i.isr_evt_set), (40 bytes).
    Removing rt_event.o(i.rt_evt_clr), (28 bytes).
    Removing rt_event.o(i.rt_evt_get), (12 bytes).
    Removing rt_event.o(i.rt_evt_set), (92 bytes).
    Removing rt_event.o(i.rt_evt_wait), (60 bytes).
    Removing rt_list.o(i.rt_get_same_rdy_prio), (36 bytes).
    Removing rt_mailbox.o(i.rt_mbx_send), (152 bytes).
    Removing rt_semaphore.o(i.isr_sem_send), (16 bytes).
    Removing rt_semaphore.o(i.rt_sem_delete), (92 bytes).
    Removing rt_semaphore.o(i.rt_sem_init), (12 bytes).
    Removing rt_semaphore.o(i.rt_sem_send), (42 bytes).
    Removing rt_semaphore.o(i.rt_sem_wait), (64 bytes).
    Removing rt_time.o(i.rt_itv_set), (24 bytes).
    Removing rt_time.o(i.rt_itv_wait), (40 bytes).
    Removing rt_time.o(i.rt_time_get), (12 bytes).
    Removing rt_mutex.o(i.rt_mut_delete), (176 bytes).
    Removing rt_mutex.o(i.rt_mut_init), (16 bytes).
    Removing rt_mutex.o(i.rt_mut_release), (216 bytes).
    Removing rt_mutex.o(i.rt_mut_wait), (120 bytes).
    Removing rt_membox.o(i._calloc_box), (30 bytes).
    Removing rt_robin.o(i.rt_chk_robin), (72 bytes).
    Removing rt_robin.o(i.rt_init_robin), (24 bytes).
    Removing rt_robin.o(.data), (8 bytes).

123 unused section(s) (total 5216 bytes) removed from the image.

==============================================================================

Image Symbol Table

    Local Symbols

    Symbol Name                              Value     Ov Type        Size  Object(Section)

    RESET                                    0x00000000   Section      204  startup_lpc17xx.o(RESET)
    ../clib/../cmprslib/lz77c.c              0x00000000   Number         0  __dclz77c.o ABSOLUTE
    ../clib/microlib/division.c              0x00000000   Number         0  uldiv.o ABSOLUTE
    ../clib/microlib/init/entry.s            0x00000000   Number         0  entry5.o ABSOLUTE
    ../clib/microlib/init/entry.s            0x00000000   Number         0  entry12a.o ABSOLUTE
    ../clib/microlib/init/entry.s            0x00000000   Number         0  entry11b.o ABSOLUTE
    ../clib/microlib/init/entry.s            0x00000000   Number         0  entry7a.o ABSOLUTE
    ../clib/microlib/init/entry.s            0x00000000   Number         0  entry7b.o ABSOLUTE
    ../clib/microlib/init/entry.s            0x00000000   Number         0  entry12b.o ABSOLUTE
    ../clib/microlib/init/entry.s            0x00000000   Number         0  entry.o ABSOLUTE
    ../clib/microlib/init/entry.s            0x00000000   Number         0  entry8a.o ABSOLUTE
    ../clib/microlib/init/entry.s            0x00000000   Number         0  entry8b.o ABSOLUTE
    ../clib/microlib/init/entry.s            0x00000000   Number         0  entry2.o ABSOLUTE
    ../clib/microlib/init/entry.s            0x00000000   Number         0  entry10a.o ABSOLUTE
    ../clib/microlib/init/entry.s            0x00000000   Number         0  entry10b.o ABSOLUTE
    ../clib/microlib/init/entry.s            0x00000000   Number         0  entry11a.o ABSOLUTE
    ../clib/microlib/longlong.c              0x00000000   Number         0  llushr.o ABSOLUTE
    ../clib/microlib/longlong.c              0x00000000   Number         0  llshl.o ABSOLUTE
    ..\HAL_CM.c                              0x00000000   Number         0  hal_cm.o ABSOLUTE
    ..\\rt_CMSIS.c                           0x00000000   Number         0  rt_cmsis.o ABSOLUTE
    ..\\rt_System.c                          0x00000000   Number         0  rt_system.o ABSOLUTE
    ..\rt_CMSIS.c                            0x00000000   Number         0  rt_cmsis.o ABSOLUTE
    ..\rt_Event.c                            0x00000000   Number         0  rt_event.o ABSOLUTE
    ..\rt_List.c                             0x00000000   Number         0  rt_list.o ABSOLUTE
    ..\rt_Mailbox.c                          0x00000000   Number         0  rt_mailbox.o ABSOLUTE
    ..\rt_MemBox.c                           0x00000000   Number         0  rt_membox.o ABSOLUTE
    ..\rt_Memory.c                           0x00000000   Number         0  rt_memory.o ABSOLUTE
    ..\rt_Mutex.c                            0x00000000   Number         0  rt_mutex.o ABSOLUTE
    ..\rt_Robin.c                            0x00000000   Number         0  rt_robin.o ABSOLUTE
    ..\rt_Semaphore.c                        0x00000000   Number         0  rt_semaphore.o ABSOLUTE
    ..\rt_System.c                           0x00000000   Number         0  rt_system.o ABSOLUTE
    ..\rt_Task.c                             0x00000000   Number         0  rt_task.o ABSOLUTE
    ..\rt_Time.c                             0x00000000   Number         0  rt_time.o ABSOLUTE
    C:\Users\Eric\AppData\Local\Arm\Packs\Keil\LPC1700_DFP\2.5.0\RTE_Driver\GPIO_LPC17xx.c 0x00000000   Number         0  gpio_lpc17xx.o ABSOLUTE
    C:\Users\Eric\AppData\Local\Arm\Packs\Keil\LPC1700_DFP\2.5.0\RTE_Driver\PIN_LPC17xx.c 0x00000000   Number         0  pin_lpc17xx.o ABSOLUTE
    GLCD_SPI_LPC1700.c                       0x00000000   Number         0  glcd_spi_lpc1700.o ABSOLUTE
    HAL_CM3.c                                0x00000000   Number         0  hal_cm3.o ABSOLUTE
    HAL_CM3.c                                0x00000000   Number         0  hal_cm3.o ABSOLUTE
    Images\arrow.c                           0x00000000   Number         0  arrow.o ABSOLUTE
    Images\falcon9.c                         0x00000000   Number         0  falcon9.o ABSOLUTE
    Images\saturnv.c                         0x00000000   Number         0  saturnv.o ABSOLUTE
    Images\starship.c                        0x00000000   Number         0  starship.o ABSOLUTE
    Images\tictactoe_o.c                     0x00000000   Number         0  tictactoe_o.o ABSOLUTE
    Images\tictactoe_x.c                     0x00000000   Number         0  tictactoe_x.o ABSOLUTE
    KBD.c                                    0x00000000   Number         0  kbd.o ABSOLUTE
    LED.c                                    0x00000000   Number         0  led.o ABSOLUTE
    RTE\CMSIS\RTX_Conf_CM.c                  0x00000000   Number         0  rtx_conf_cm.o ABSOLUTE
    RTE\Device\LPC1768\startup_LPC17xx.s     0x00000000   Number         0  startup_lpc17xx.o ABSOLUTE
    RTE\Device\LPC1768\system_LPC17xx.c      0x00000000   Number         0  system_lpc17xx.o ABSOLUTE
    SVC_Table.s                              0x00000000   Number         0  svc_table.o ABSOLUTE
    adcuser.c                                0x00000000   Number         0  adcuser.o ABSOLUTE
    audio_player.c                           0x00000000   Number         0  audio_player.o ABSOLUTE
    core_cm3.c                               0x00000000   Number         0  core_cm3.o ABSOLUTE
    core_cm3.c                               0x00000000   Number         0  core_cm3.o ABSOLUTE
    dc.s                                     0x00000000   Number         0  dc.o ABSOLUTE
    game_center.c                            0x00000000   Number         0  game_center.o ABSOLUTE
    handlers.s                               0x00000000   Number         0  handlers.o ABSOLUTE
    init.s                                   0x00000000   Number         0  init.o ABSOLUTE
    main.c                                   0x00000000   Number         0  main.o ABSOLUTE
    menu.c                                   0x00000000   Number         0  menu.o ABSOLUTE
    photo_gallery.c                          0x00000000   Number         0  photo_gallery.o ABSOLUTE
    tictactoe.c                              0x00000000   Number         0  tictactoe.o ABSOLUTE
    usbcore.c                                0x00000000   Number         0  usbcore.o ABSOLUTE
    usbdesc.c                                0x00000000   Number         0  usbdesc.o ABSOLUTE
    usbhw.c                                  0x00000000   Number         0  usbhw.o ABSOLUTE
    usbuser.c                                0x00000000   Number         0  usbuser.o ABSOLUTE
    .ARM.Collect$$$$00000000                 0x000000cc   Section        0  entry.o(.ARM.Collect$$$$00000000)
    .ARM.Collect$$$$00000001                 0x000000cc   Section        4  entry2.o(.ARM.Collect$$$$00000001)
    .ARM.Collect$$$$00000004                 0x000000d0   Section        4  entry5.o(.ARM.Collect$$$$00000004)
    .ARM.Collect$$$$00000008                 0x000000d4   Section        0  entry7b.o(.ARM.Collect$$$$00000008)
    .ARM.Collect$$$$0000000A                 0x000000d4   Section        0  entry8b.o(.ARM.Collect$$$$0000000A)
    .ARM.Collect$$$$0000000E                 0x000000d4   Section        4  entry12b.o(.ARM.Collect$$$$0000000E)
    .ARM.Collect$$$$0000000F                 0x000000d8   Section        0  entry10a.o(.ARM.Collect$$$$0000000F)
    .ARM.Collect$$$$00000011                 0x000000d8   Section        0  entry11a.o(.ARM.Collect$$$$00000011)
    .ARM.Collect$$$$000000FF                 0x000000d8   Section        0  rtx_conf_cm.o(.ARM.Collect$$$$000000FF)
    .ARM.Collect$$$$00002712                 0x000000f0   Section        4  entry2.o(.ARM.Collect$$$$00002712)
    __lit__00000000                          0x000000f0   Data           4  entry2.o(.ARM.Collect$$$$00002712)
    .emb_text                                0x000000f4   Section      304  hal_cm3.o(.emb_text)
    .text                                    0x00000224   Section        0  main.o(.text)
    .text                                    0x00000268   Section        0  kbd.o(.text)
    .text                                    0x000002b4   Section        0  rtx_conf_cm.o(.text)
    .text                                    0x000002bc   Section       36  startup_lpc17xx.o(.text)
    SVC_TABLE                                0x000002e0   Section        4  svc_table.o(SVC_TABLE)
    i.__scatterload_copy                     0x000002e4   Section       14  handlers.o(i.__scatterload_copy)
    i.__scatterload_null                     0x000002f2   Section        2  handlers.o(i.__scatterload_null)
    i.os_tick_irqack                         0x000002f4   Section        0  rt_system.o(i.os_tick_irqack)
    i.rt_dly_wait                            0x000002f6   Section        0  rt_time.o(i.rt_dly_wait)
    .ARM.__at_0x02FC                         0x000002fc   Section        4  startup_lpc17xx.o(.ARM.__at_0x02FC)
    .text                                    0x00000300   Section        0  menu.o(.text)
    .text                                    0x00000518   Section        0  photo_gallery.o(.text)
    .text                                    0x000006fc   Section        0  audio_player.o(.text)
    NVIC_DisableIRQ                          0x000008a3   Thumb Code    22  audio_player.o(.text)
    .text                                    0x00000908   Section        0  game_center.o(.text)
    .text                                    0x00000a14   Section        0  glcd_spi_lpc1700.o(.text)
    spi_tran_man                             0x00000a15   Thumb Code   106  glcd_spi_lpc1700.o(.text)
    delay                                    0x0000136f   Thumb Code     8  glcd_spi_lpc1700.o(.text)
    spi_tran                                 0x00001377   Thumb Code    16  glcd_spi_lpc1700.o(.text)
    wr_cmd                                   0x00001387   Thumb Code    32  glcd_spi_lpc1700.o(.text)
    wr_dat                                   0x000013a7   Thumb Code    32  glcd_spi_lpc1700.o(.text)
    wr_dat_start                             0x000013c7   Thumb Code    10  glcd_spi_lpc1700.o(.text)
    wr_dat_only                              0x000013d1   Thumb Code    18  glcd_spi_lpc1700.o(.text)
    wr_reg                                   0x000013e3   Thumb Code    16  glcd_spi_lpc1700.o(.text)
    rd_id_man                                0x000013f3   Thumb Code   130  glcd_spi_lpc1700.o(.text)
    .text                                    0x00001474   Section        0  adcuser.o(.text)
    .text                                    0x00001520   Section        0  usbcore.o(.text)
    .text                                    0x0000175c   Section        0  usbhw.o(.text)
    .text                                    0x00001df8   Section        0  usbuser.o(.text)
    .text                                    0x00001ea4   Section        0  tictactoe.o(.text)
    .text                                    0x00002298   Section        0  system_lpc17xx.o(.text)
    .text                                    0x000024ec   Section        0  uldiv.o(.text)
    .text                                    0x0000254e   Section        0  llshl.o(.text)
    .text                                    0x0000256c   Section        0  llushr.o(.text)
    .text                                    0x0000258c   Section       36  init.o(.text)
    .text                                    0x000025b0   Section        0  __dclz77c.o(.text)
    i.USB_ReqGetDescriptor                   0x00002610   Section        0  usbcore.o(i.USB_ReqGetDescriptor)
    i.USB_ReqGetStatus                       0x00002698   Section        0  usbcore.o(i.USB_ReqGetStatus)
    i.USB_ReqSetClrFeature                   0x00002714   Section        0  usbcore.o(i.USB_ReqSetClrFeature)
    i.USB_ReqSetConfiguration                0x000027ac   Section        0  usbcore.o(i.USB_ReqSetConfiguration)
    i.USB_ReqSetInterface                    0x0000290c   Section        0  usbcore.o(i.USB_ReqSetInterface)
    i.__scatterload_zeroinit                 0x00002a0c   Section       14  handlers.o(i.__scatterload_zeroinit)
    i._init_box                              0x00002a1a   Section        0  rt_membox.o(i._init_box)
    i.dbg_init                               0x00002a60   Section        0  hal_cm.o(i.dbg_init)
    i.dbg_task_notify                        0x00002a90   Section        0  hal_cm.o(i.dbg_task_notify)
    i.dbg_task_switch                        0x00002ab0   Section        0  hal_cm.o(i.dbg_task_switch)
    i.isrMessageGet                          0x00002ac0   Section        0  rt_cmsis.o(i.isrMessageGet)
    i.isrMessagePut                          0x00002aea   Section        0  rt_cmsis.o(i.isrMessagePut)
    i.isr_mbx_receive                        0x00002b18   Section        0  rt_mailbox.o(i.isr_mbx_receive)
    i.isr_mbx_send                           0x00002b6e   Section        0  rt_mailbox.o(i.isr_mbx_send)
    i.osDelay                                0x00002b7c   Section        0  rt_cmsis.o(i.osDelay)
    i.osKernelInitialize                     0x00002b94   Section        0  rt_cmsis.o(i.osKernelInitialize)
    i.osKernelStart                          0x00002bb8   Section        0  rt_cmsis.o(i.osKernelStart)
    i.osMessageGet                           0x00002c24   Section        0  rt_cmsis.o(i.osMessageGet)
    i.osThreadCreate                         0x00002c3c   Section        0  rt_cmsis.o(i.osThreadCreate)
    i.osThreadExit                           0x00002c68   Section        0  rt_cmsis.o(i.osThreadExit)
    i.osTimerCall                            0x00002c80   Section        0  rt_cmsis.o(i.osTimerCall)
    i.osTimerThread                          0x00002c8c   Section        0  rt_cmsis.o(i.osTimerThread)
    i.os_tick_init                           0x00002cb8   Section        0  rt_system.o(i.os_tick_init)
    i.rt_alloc_box                           0x00002ce0   Section        0  rt_membox.o(i.rt_alloc_box)
    i.rt_alloc_mem                           0x00002cfa   Section        0  rt_memory.o(i.rt_alloc_mem)
    i.rt_block                               0x00002d38   Section        0  rt_task.o(i.rt_block)
    i.rt_dec_dly                             0x00002d70   Section        0  rt_list.o(i.rt_dec_dly)
    i.rt_dispatch                            0x00002de0   Section        0  rt_task.o(i.rt_dispatch)
    i.rt_evt_psh                             0x00002e24   Section        0  rt_event.o(i.rt_evt_psh)
    i.rt_free_box                            0x00002e74   Section        0  rt_membox.o(i.rt_free_box)
    i.rt_free_mem                            0x00002ea0   Section        0  rt_memory.o(i.rt_free_mem)
    i.rt_get_first                           0x00002ec8   Section        0  rt_list.o(i.rt_get_first)
    i.rt_id2obj                              0x00002ef0   Section        0  rt_cmsis.o(i.rt_id2obj)
    rt_id2obj                                0x00002ef1   Thumb Code     8  rt_cmsis.o(i.rt_id2obj)
    i.rt_init_context                        0x00002ef8   Section        0  rt_task.o(i.rt_init_context)
    rt_init_context                          0x00002ef9   Thumb Code    66  rt_task.o(i.rt_init_context)
    i.rt_init_mem                            0x00002f40   Section        0  rt_memory.o(i.rt_init_mem)
    i.rt_init_stack                          0x00002f5c   Section        0  hal_cm.o(i.rt_init_stack)
    i.rt_mbx_check                           0x00002fdc   Section        0  rt_mailbox.o(i.rt_mbx_check)
    i.rt_mbx_init                            0x00002fe4   Section        0  rt_mailbox.o(i.rt_mbx_init)
    i.rt_mbx_psh                             0x00003000   Section        0  rt_mailbox.o(i.rt_mbx_psh)
    i.rt_mbx_wait                            0x000030f0   Section        0  rt_mailbox.o(i.rt_mbx_wait)
    i.rt_ms2tick                             0x000031a4   Section        0  rt_cmsis.o(i.rt_ms2tick)
    rt_ms2tick                               0x000031a5   Thumb Code    58  rt_cmsis.o(i.rt_ms2tick)
    i.rt_pop_req                             0x000031e8   Section        0  rt_system.o(i.rt_pop_req)
    i.rt_psh_req                             0x00003264   Section        0  rt_system.o(i.rt_psh_req)
    i.rt_psq_enq                             0x00003284   Section        0  rt_list.o(i.rt_psq_enq)
    i.rt_put_dly                             0x000032e0   Section        0  rt_list.o(i.rt_put_dly)
    i.rt_put_prio                            0x00003328   Section        0  rt_list.o(i.rt_put_prio)
    i.rt_put_rdy_first                       0x00003360   Section        0  rt_list.o(i.rt_put_rdy_first)
    i.rt_resort_prio                         0x00003374   Section        0  rt_list.o(i.rt_resort_prio)
    i.rt_ret_val                             0x000033a8   Section        0  hal_cm.o(i.rt_ret_val)
    i.rt_ret_val2                            0x000033ae   Section        0  hal_cm.o(i.rt_ret_val2)
    i.rt_rmv_dly                             0x000033b6   Section        0  rt_list.o(i.rt_rmv_dly)
    i.rt_rmv_list                            0x000033e0   Section        0  rt_list.o(i.rt_rmv_list)
    i.rt_sem_psh                             0x00003410   Section        0  rt_semaphore.o(i.rt_sem_psh)
    i.rt_stk_check                           0x00003444   Section        0  rt_system.o(i.rt_stk_check)
    i.rt_switch_req                          0x00003468   Section        0  rt_task.o(i.rt_switch_req)
    i.rt_sys_init                            0x00003490   Section        0  rt_task.o(i.rt_sys_init)
    i.rt_sys_start                           0x0000355c   Section        0  rt_task.o(i.rt_sys_start)
    i.rt_systick                             0x000035d4   Section        0  rt_system.o(i.rt_systick)
    i.rt_tid2ptcb                            0x00003614   Section        0  rt_cmsis.o(i.rt_tid2ptcb)
    rt_tid2ptcb                              0x00003615   Thumb Code    18  rt_cmsis.o(i.rt_tid2ptcb)
    i.rt_timer_insert                        0x00003628   Section        0  rt_cmsis.o(i.rt_timer_insert)
    rt_timer_insert                          0x00003629   Thumb Code    48  rt_cmsis.o(i.rt_timer_insert)
    i.rt_tsk_create                          0x0000365c   Section        0  rt_task.o(i.rt_tsk_create)
    i.rt_tsk_delete                          0x000036e4   Section        0  rt_task.o(i.rt_tsk_delete)
    i.rt_tsk_prio                            0x00003860   Section        0  rt_task.o(i.rt_tsk_prio)
    i.rt_tsk_self                            0x000038dc   Section        0  rt_task.o(i.rt_tsk_self)
    i.svcDelay                               0x000038ec   Section        0  rt_cmsis.o(i.svcDelay)
    i.svcKernelInitialize                    0x00003900   Section        0  rt_cmsis.o(i.svcKernelInitialize)
    i.svcKernelStart                         0x00003970   Section        0  rt_cmsis.o(i.svcKernelStart)
    i.svcMessageCreate                       0x000039b8   Section        0  rt_cmsis.o(i.svcMessageCreate)
    i.svcMessageGet                          0x000039dc   Section        0  rt_cmsis.o(i.svcMessageGet)
    i.svcThreadCreate                        0x00003a18   Section        0  rt_cmsis.o(i.svcThreadCreate)
    i.svcThreadGetId                         0x00003a84   Section        0  rt_cmsis.o(i.svcThreadGetId)
    i.svcThreadTerminate                     0x00003aa0   Section        0  rt_cmsis.o(i.svcThreadTerminate)
    i.svcTimerCall                           0x00003ad8   Section        0  rt_cmsis.o(i.svcTimerCall)
    i.sysTimerTick                           0x00003af0   Section        0  rt_cmsis.o(i.sysTimerTick)
    .constdata                               0x00003b4c   Section     6272  glcd_spi_lpc1700.o(.constdata)
    .constdata                               0x000053cc   Section       18  usbdesc.o(.constdata)
    .constdata                               0x000053de   Section      110  usbdesc.o(.constdata)
    .constdata                               0x0000544c   Section      100  usbdesc.o(.constdata)
    .constdata                               0x000054b0   Section       16  usbhw.o(.constdata)
    .constdata                               0x000054c0   Section       64  usbuser.o(.constdata)
    .constdata                               0x00005500   Section     9801  tictactoe_o.o(.constdata)
    .constdata                               0x00007b49   Section     9801  tictactoe_x.o(.constdata)
    .constdata                               0x0000a192   Section    153601  falcon9.o(.constdata)
    .constdata                               0x0002f993   Section    153601  saturnv.o(.constdata)
    .constdata                               0x00055194   Section    153601  starship.o(.constdata)
    .constdata                               0x0007a996   Section        2  rtx_conf_cm.o(.constdata)
    .constdata                               0x0007a998   Section        4  rtx_conf_cm.o(.constdata)
    .constdata                               0x0007a99c   Section        4  rtx_conf_cm.o(.constdata)
    .constdata                               0x0007a9a0   Section        1  rtx_conf_cm.o(.constdata)
    .constdata                               0x0007a9a4   Section       32  rtx_conf_cm.o(.constdata)
    __tagsym$$used                           0x0007a9a4   Number         0  rtx_conf_cm.o(.constdata)
    __tagsym$$used                           0x0007a9a8   Number         0  rtx_conf_cm.o(.constdata)
    __tagsym$$used                           0x0007a9ac   Number         0  rtx_conf_cm.o(.constdata)
    __tagsym$$used                           0x0007a9b0   Number         0  rtx_conf_cm.o(.constdata)
    .constdata                               0x0007a9c4   Section        2  rtx_conf_cm.o(.constdata)
    .constdata                               0x0007a9c8   Section        4  rtx_conf_cm.o(.constdata)
    .constdata                               0x0007a9cc   Section        4  rtx_conf_cm.o(.constdata)
    .constdata                               0x0007a9d0   Section        1  rtx_conf_cm.o(.constdata)
    .constdata                               0x0007a9d4   Section       16  rtx_conf_cm.o(.constdata)
    .constdata                               0x0007a9e4   Section        8  rtx_conf_cm.o(.constdata)
    .constdata                               0x0007a9ec   Section        2  rtx_conf_cm.o(.constdata)
    .bss                                     0x10000000   Section    12304  rtx_conf_cm.o(.bss)
    .data                                    0x2007c000   Section      528  photo_gallery.o(.data)
    ARROW_pixel_data                         0x2007c000   Data         513  photo_gallery.o(.data)
    .data                                    0x2007c210   Section        4  audio_player.o(.data)
    .data                                    0x2007c214   Section       24  audio_player.o(.data)
    .data                                    0x2007c22c   Section      513  game_center.o(.data)
    ARROW_pixel_data                         0x2007c22c   Data         513  game_center.o(.data)
    .data                                    0x2007c42e   Section        6  glcd_spi_lpc1700.o(.data)
    Himax                                    0x2007c42e   Data           1  glcd_spi_lpc1700.o(.data)
    Color                                    0x2007c430   Data           4  glcd_spi_lpc1700.o(.data)
    .data                                    0x2007c434   Section        2  adcuser.o(.data)
    .data                                    0x2007c438   Section       40  usbcore.o(.data)
    .data                                    0x2007c460   Section        8  usbhw.o(.data)
    .data                                    0x2007c468   Section       12  tictactoe.o(.data)
    .data                                    0x2007c474   Section        4  rtx_conf_cm.o(.data)
    .data                                    0x2007c478   Section        4  rtx_conf_cm.o(.data)
    .data                                    0x2007c47c   Section        4  rtx_conf_cm.o(.data)
    .data                                    0x2007c480   Section        8  system_lpc17xx.o(.data)
    .data                                    0x2007c488   Section        8  rt_cmsis.o(.data)
    .data                                    0x2007c490   Section        8  rt_task.o(.data)
    .data                                    0x2007c498   Section        8  rt_system.o(.data)
    os_lock                                  0x2007c498   Data           1  rt_system.o(.data)
    os_psh_flag                              0x2007c499   Data           1  rt_system.o(.data)
    pend_flags                               0x2007c49a   Data           1  rt_system.o(.data)
    .data                                    0x2007c4a0   Section        4  rt_time.o(.data)
    .data                                    0x2007c4a4   Section        1  hal_cm.o(.data)
    .bss                                     0x2007c4a8   Section       64  usbcore.o(.bss)
    .bss                                     0x2007c4e8   Section      128  usbhw.o(.bss)
    .bss                                     0x2007c568   Section        9  tictactoe.o(.bss)
    .bss                                     0x2007c574   Section       32  rtx_conf_cm.o(.bss)
    .bss                                     0x2007c594   Section      376  rtx_conf_cm.o(.bss)
    .bss                                     0x2007c710   Section     2280  rtx_conf_cm.o(.bss)
    .bss                                     0x2007cff8   Section      132  rtx_conf_cm.o(.bss)
    .bss                                     0x2007d07c   Section       28  rtx_conf_cm.o(.bss)
    .bss                                     0x2007d098   Section       52  rt_task.o(.bss)
    .bss                                     0x2007d0cc   Section       48  rt_list.o(.bss)
    STACK                                    0x2007d100   Section      512  startup_lpc17xx.o(STACK)
    USB_RAM                                  0x2007d300   Section      128  usbhw.o(USB_RAM)

    Global Symbols

    Symbol Name                              Value     Ov Type        Size  Object(Section)

    BuildAttributes$$THM_ISAv4$P$D$K$B$S$PE$A:L22UL41UL21$X:L11$S22US41US21$IEEE1$IW$USESV6$~STKCKD$USESV7$~SHL$OSPACE$EBA8$MICROLIB$REQ8$PRES8$EABIv2 0x00000000   Number         0  anon$$obj.o ABSOLUTE
    __ARM_use_no_argv                        0x00000000   Number         0  main.o ABSOLUTE
    __Vectors                                0x00000000   Data           4  startup_lpc17xx.o(RESET)
    __arm_fini_                               - Undefined Weak Reference
    __cpp_initialize__aeabi_                  - Undefined Weak Reference
    __cxa_finalize                            - Undefined Weak Reference
    _clock_init                               - Undefined Weak Reference
    _microlib_exit                            - Undefined Weak Reference
    __main                                   0x000000cd   Thumb Code     0  entry.o(.ARM.Collect$$$$00000000)
    _main_stk                                0x000000cd   Thumb Code     0  entry2.o(.ARM.Collect$$$$00000001)
    _main_scatterload                        0x000000d1   Thumb Code     0  entry5.o(.ARM.Collect$$$$00000004)
    __main_after_scatterload                 0x000000d5   Thumb Code     0  entry5.o(.ARM.Collect$$$$00000004)
    __rt_lib_shutdown_fini                   0x000000d5   Thumb Code     0  entry12b.o(.ARM.Collect$$$$0000000E)
    _main_clock                              0x000000d5   Thumb Code     0  entry7b.o(.ARM.Collect$$$$00000008)
    _main_cpp_init                           0x000000d5   Thumb Code     0  entry8b.o(.ARM.Collect$$$$0000000A)
    __rt_final_cpp                           0x000000d9   Thumb Code     0  entry10a.o(.ARM.Collect$$$$0000000F)
    __rt_final_exit                          0x000000d9   Thumb Code     0  entry11a.o(.ARM.Collect$$$$00000011)
    _main_init                               0x000000d9   Thumb Code    18  rtx_conf_cm.o(.ARM.Collect$$$$000000FF)
    rt_set_PSP                               0x000000f5   Thumb Code     6  hal_cm3.o(.emb_text)
    rt_get_PSP                               0x000000fb   Thumb Code     6  hal_cm3.o(.emb_text)
    os_set_env                               0x00000101   Thumb Code    24  hal_cm3.o(.emb_text)
    _alloc_box                               0x0000011d   Thumb Code    28  hal_cm3.o(.emb_text)
    _free_box                                0x0000013d   Thumb Code    28  hal_cm3.o(.emb_text)
    SVC_Handler                              0x0000015d   Thumb Code   108  hal_cm3.o(.emb_text)
    PendSV_Handler                           0x000001d5   Thumb Code    56  hal_cm3.o(.emb_text)
    SysTick_Handler                          0x00000211   Thumb Code     8  hal_cm3.o(.emb_text)
    OS_Tick_Handler                          0x00000219   Thumb Code    12  hal_cm3.o(.emb_text)
    main                                     0x00000225   Thumb Code    66  main.o(.text)
    KBD_Init                                 0x00000269   Thumb Code    34  kbd.o(.text)
    KBD_get                                  0x0000028b   Thumb Code    12  kbd.o(.text)
    get_button                               0x00000297   Thumb Code    14  kbd.o(.text)
    os_idle_demon                            0x000002b5   Thumb Code     2  rtx_conf_cm.o(.text)
    os_error                                 0x000002b7   Thumb Code     2  rtx_conf_cm.o(.text)
    rt_init_robin                            0x000002b9   Thumb Code     2  rtx_conf_cm.o(.text)
    rt_chk_robin                             0x000002bb   Thumb Code     2  rtx_conf_cm.o(.text)
    Reset_Handler                            0x000002bd   Thumb Code     8  startup_lpc17xx.o(.text)
    NMI_Handler                              0x000002c5   Thumb Code     2  startup_lpc17xx.o(.text)
    HardFault_Handler                        0x000002c7   Thumb Code     2  startup_lpc17xx.o(.text)
    MemManage_Handler                        0x000002c9   Thumb Code     2  startup_lpc17xx.o(.text)
    BusFault_Handler                         0x000002cb   Thumb Code     2  startup_lpc17xx.o(.text)
    UsageFault_Handler                       0x000002cd   Thumb Code     2  startup_lpc17xx.o(.text)
    DebugMon_Handler                         0x000002d1   Thumb Code     2  startup_lpc17xx.o(.text)
    ADC_IRQHandler                           0x000002d7   Thumb Code     0  startup_lpc17xx.o(.text)
    BOD_IRQHandler                           0x000002d7   Thumb Code     0  startup_lpc17xx.o(.text)
    CANActivity_IRQHandler                   0x000002d7   Thumb Code     0  startup_lpc17xx.o(.text)
    CAN_IRQHandler                           0x000002d7   Thumb Code     0  startup_lpc17xx.o(.text)
    DMA_IRQHandler                           0x000002d7   Thumb Code     0  startup_lpc17xx.o(.text)
    EINT0_IRQHandler                         0x000002d7   Thumb Code     0  startup_lpc17xx.o(.text)
    EINT1_IRQHandler                         0x000002d7   Thumb Code     0  startup_lpc17xx.o(.text)
    EINT2_IRQHandler                         0x000002d7   Thumb Code     0  startup_lpc17xx.o(.text)
    EINT3_IRQHandler                         0x000002d7   Thumb Code     0  startup_lpc17xx.o(.text)
    ENET_IRQHandler                          0x000002d7   Thumb Code     0  startup_lpc17xx.o(.text)
    I2C0_IRQHandler                          0x000002d7   Thumb Code     0  startup_lpc17xx.o(.text)
    I2C1_IRQHandler                          0x000002d7   Thumb Code     0  startup_lpc17xx.o(.text)
    I2C2_IRQHandler                          0x000002d7   Thumb Code     0  startup_lpc17xx.o(.text)
    I2S_IRQHandler                           0x000002d7   Thumb Code     0  startup_lpc17xx.o(.text)
    MCPWM_IRQHandler                         0x000002d7   Thumb Code     0  startup_lpc17xx.o(.text)
    PLL0_IRQHandler                          0x000002d7   Thumb Code     0  startup_lpc17xx.o(.text)
    PLL1_IRQHandler                          0x000002d7   Thumb Code     0  startup_lpc17xx.o(.text)
    PWM1_IRQHandler                          0x000002d7   Thumb Code     0  startup_lpc17xx.o(.text)
    QEI_IRQHandler                           0x000002d7   Thumb Code     0  startup_lpc17xx.o(.text)
    RIT_IRQHandler                           0x000002d7   Thumb Code     0  startup_lpc17xx.o(.text)
    RTC_IRQHandler                           0x000002d7   Thumb Code     0  startup_lpc17xx.o(.text)
    SPI_IRQHandler                           0x000002d7   Thumb Code     0  startup_lpc17xx.o(.text)
    SSP0_IRQHandler                          0x000002d7   Thumb Code     0  startup_lpc17xx.o(.text)
    SSP1_IRQHandler                          0x000002d7   Thumb Code     0  startup_lpc17xx.o(.text)
    TIMER1_IRQHandler                        0x000002d7   Thumb Code     0  startup_lpc17xx.o(.text)
    TIMER2_IRQHandler                        0x000002d7   Thumb Code     0  startup_lpc17xx.o(.text)
    TIMER3_IRQHandler                        0x000002d7   Thumb Code     0  startup_lpc17xx.o(.text)
    UART0_IRQHandler                         0x000002d7   Thumb Code     0  startup_lpc17xx.o(.text)
    UART1_IRQHandler                         0x000002d7   Thumb Code     0  startup_lpc17xx.o(.text)
    UART2_IRQHandler                         0x000002d7   Thumb Code     0  startup_lpc17xx.o(.text)
    UART3_IRQHandler                         0x000002d7   Thumb Code     0  startup_lpc17xx.o(.text)
    USBActivity_IRQHandler                   0x000002d7   Thumb Code     0  startup_lpc17xx.o(.text)
    WDT_IRQHandler                           0x000002d7   Thumb Code     0  startup_lpc17xx.o(.text)
    SVC_Count                                0x000002e0   Data           4  svc_table.o(SVC_TABLE)
    SVC_Table                                0x000002e4   Data           0  svc_table.o(SVC_TABLE)
    __scatterload_copy                       0x000002e5   Thumb Code    14  handlers.o(i.__scatterload_copy)
    __scatterload_null                       0x000002f3   Thumb Code     2  handlers.o(i.__scatterload_null)
    os_tick_irqack                           0x000002f5   Thumb Code     2  rt_system.o(i.os_tick_irqack)
    rt_dly_wait                              0x000002f7   Thumb Code     6  rt_time.o(i.rt_dly_wait)
    fputc                                    0x00000301   Thumb Code    22  menu.o(.text)
    updateMainMenuDisplay                    0x00000317   Thumb Code   156  menu.o(.text)
    main_menu                                0x000003b3   Thumb Code   194  menu.o(.text)
    __RL_RTX_VER                             0x00000482   Number         0  rt_system.o ABSOLUTE
    init_display                             0x00000519   Thumb Code   108  photo_gallery.o(.text)
    update_display                           0x00000585   Thumb Code   178  photo_gallery.o(.text)
    image_preview                            0x00000637   Thumb Code    48  photo_gallery.o(.text)
    photo_gallery                            0x00000667   Thumb Code    88  photo_gallery.o(.text)
    get_potval                               0x000006fd   Thumb Code    44  audio_player.o(.text)
    TIMER0_IRQHandler                        0x00000729   Thumb Code   176  audio_player.o(.text)
    audio_player                             0x000007d9   Thumb Code   202  audio_player.o(.text)
    init_gc_display                          0x00000909   Thumb Code    84  game_center.o(.text)
    update_gc_display                        0x0000095d   Thumb Code    66  game_center.o(.text)
    game_center                              0x0000099f   Thumb Code    76  game_center.o(.text)
    GLCD_Init                                0x00000a7f   Thumb Code  1478  glcd_spi_lpc1700.o(.text)
    GLCD_SetWindow                           0x00001045   Thumb Code   148  glcd_spi_lpc1700.o(.text)
    GLCD_WindowMax                           0x000010d9   Thumb Code    12  glcd_spi_lpc1700.o(.text)
    GLCD_PutPixel                            0x000010e5   Thumb Code   118  glcd_spi_lpc1700.o(.text)
    GLCD_SetTextColor                        0x0000115b   Thumb Code     8  glcd_spi_lpc1700.o(.text)
    GLCD_SetBackColor                        0x00001163   Thumb Code     8  glcd_spi_lpc1700.o(.text)
    GLCD_Clear                               0x0000116b   Thumb Code    44  glcd_spi_lpc1700.o(.text)
    GLCD_DrawChar                            0x00001197   Thumb Code   140  glcd_spi_lpc1700.o(.text)
    GLCD_DisplayChar                         0x00001223   Thumb Code    66  glcd_spi_lpc1700.o(.text)
    GLCD_DisplayString                       0x00001265   Thumb Code    36  glcd_spi_lpc1700.o(.text)
    GLCD_ClearLn                             0x00001289   Thumb Code    72  glcd_spi_lpc1700.o(.text)
    GLCD_Bargraph                            0x000012d1   Thumb Code    84  glcd_spi_lpc1700.o(.text)
    GLCD_Bitmap                              0x00001325   Thumb Code    64  glcd_spi_lpc1700.o(.text)
    GLCD_ScrollVertical                      0x00001365   Thumb Code     2  glcd_spi_lpc1700.o(.text)
    GLCD_WrCmd                               0x00001367   Thumb Code     4  glcd_spi_lpc1700.o(.text)
    GLCD_WrReg                               0x0000136b   Thumb Code     4  glcd_spi_lpc1700.o(.text)
    ADC_IF_GetRequest                        0x00001475   Thumb Code    88  adcuser.o(.text)
    ADC_IF_SetRequest                        0x000014cd   Thumb Code    60  adcuser.o(.text)
    ADC_EP_GetRequest                        0x00001509   Thumb Code     4  adcuser.o(.text)
    ADC_EP_SetRequest                        0x0000150d   Thumb Code     4  adcuser.o(.text)
    USB_ResetCore                            0x00001521   Thumb Code    22  usbcore.o(.text)
    USB_SetupStage                           0x00001537   Thumb Code    10  usbcore.o(.text)
    USB_DataInStage                          0x00001541   Thumb Code    36  usbcore.o(.text)
    USB_DataOutStage                         0x00001565   Thumb Code    28  usbcore.o(.text)
    USB_StatusInStage                        0x00001581   Thumb Code    10  usbcore.o(.text)
    USB_StatusOutStage                       0x0000158b   Thumb Code     8  usbcore.o(.text)
    USB_EndPoint0                            0x00001593   Thumb Code   450  usbcore.o(.text)
    EPAdr                                    0x0000175d   Thumb Code    14  usbhw.o(.text)
    WrCmd                                    0x0000176b   Thumb Code    24  usbhw.o(.text)
    WrCmdDat                                 0x00001783   Thumb Code    40  usbhw.o(.text)
    WrCmdEP                                  0x000017ab   Thumb Code    56  usbhw.o(.text)
    RdCmdDat                                 0x000017e3   Thumb Code    28  usbhw.o(.text)
    USB_SetAddress                           0x000017ff   Thumb Code    28  usbhw.o(.text)
    USB_Reset                                0x0000181b   Thumb Code   126  usbhw.o(.text)
    USB_Init                                 0x00001899   Thumb Code   104  usbhw.o(.text)
    USB_Connect                              0x00001901   Thumb Code    16  usbhw.o(.text)
    USB_Suspend                              0x00001911   Thumb Code     2  usbhw.o(.text)
    USB_Resume                               0x00001913   Thumb Code     2  usbhw.o(.text)
    USB_WakeUp                               0x00001915   Thumb Code    16  usbhw.o(.text)
    USB_WakeUpCfg                            0x00001925   Thumb Code     2  usbhw.o(.text)
    USB_Configure                            0x00001927   Thumb Code    44  usbhw.o(.text)
    USB_ConfigEP                             0x00001953   Thumb Code    56  usbhw.o(.text)
    USB_DirCtrlEP                            0x0000198b   Thumb Code     2  usbhw.o(.text)
    USB_EnableEP                             0x0000198d   Thumb Code    20  usbhw.o(.text)
    USB_DisableEP                            0x000019a1   Thumb Code    20  usbhw.o(.text)
    USB_ResetEP                              0x000019b5   Thumb Code    20  usbhw.o(.text)
    USB_SetStallEP                           0x000019c9   Thumb Code    20  usbhw.o(.text)
    USB_ClrStallEP                           0x000019dd   Thumb Code    20  usbhw.o(.text)
    USB_ClearEPBuf                           0x000019f1   Thumb Code     4  usbhw.o(.text)
    USB_ReadEP                               0x000019f5   Thumb Code    82  usbhw.o(.text)
    USB_WriteEP                              0x00001a47   Thumb Code    68  usbhw.o(.text)
    USB_DMA_Setup                            0x00001a8b   Thumb Code   306  usbhw.o(.text)
    USB_DMA_Enable                           0x00001bbd   Thumb Code    18  usbhw.o(.text)
    USB_DMA_Disable                          0x00001bcf   Thumb Code    18  usbhw.o(.text)
    USB_DMA_Status                           0x00001be1   Thumb Code    70  usbhw.o(.text)
    USB_DMA_BufAdr                           0x00001c27   Thumb Code    24  usbhw.o(.text)
    USB_DMA_BufCnt                           0x00001c3f   Thumb Code    26  usbhw.o(.text)
    USB_GetFrame                             0x00001c59   Thumb Code    30  usbhw.o(.text)
    USB_IRQHandler                           0x00001c77   Thumb Code   356  usbhw.o(.text)
    USB_Reset_Event                          0x00001df9   Thumb Code     4  usbuser.o(.text)
    USB_SOF_Event                            0x00001dfd   Thumb Code     2  usbuser.o(.text)
    USB_EndPoint1                            0x00001dff   Thumb Code     2  usbuser.o(.text)
    USB_EndPoint2                            0x00001e01   Thumb Code     2  usbuser.o(.text)
    USB_EndPoint3                            0x00001e03   Thumb Code   118  usbuser.o(.text)
    USB_EndPoint4                            0x00001e79   Thumb Code     2  usbuser.o(.text)
    USB_EndPoint5                            0x00001e7b   Thumb Code     2  usbuser.o(.text)
    USB_EndPoint6                            0x00001e7d   Thumb Code     2  usbuser.o(.text)
    USB_EndPoint7                            0x00001e7f   Thumb Code     2  usbuser.o(.text)
    USB_EndPoint8                            0x00001e81   Thumb Code     2  usbuser.o(.text)
    USB_EndPoint9                            0x00001e83   Thumb Code     2  usbuser.o(.text)
    USB_EndPoint10                           0x00001e85   Thumb Code     2  usbuser.o(.text)
    USB_EndPoint11                           0x00001e87   Thumb Code     2  usbuser.o(.text)
    USB_EndPoint12                           0x00001e89   Thumb Code     2  usbuser.o(.text)
    USB_EndPoint13                           0x00001e8b   Thumb Code     2  usbuser.o(.text)
    USB_EndPoint14                           0x00001e8d   Thumb Code     2  usbuser.o(.text)
    USB_EndPoint15                           0x00001e8f   Thumb Code     2  usbuser.o(.text)
    init_board                               0x00001ea5   Thumb Code    32  tictactoe.o(.text)
    draw_grid                                0x00001ec5   Thumb Code   140  tictactoe.o(.text)
    init_ttt_lcd                             0x00001f51   Thumb Code    62  tictactoe.o(.text)
    highlight_cell                           0x00001f8f   Thumb Code    86  tictactoe.o(.text)
    draw_board                               0x00001fe5   Thumb Code    98  tictactoe.o(.text)
    check_for_winner                         0x00002047   Thumb Code   104  tictactoe.o(.text)
    is_board_full                            0x000020af   Thumb Code    40  tictactoe.o(.text)
    run_tictactoe                            0x000020d7   Thumb Code   284  tictactoe.o(.text)
    tictactoe_main                           0x000021f3   Thumb Code    28  tictactoe.o(.text)
    SystemCoreClockUpdate                    0x00002299   Thumb Code   184  system_lpc17xx.o(.text)
    SystemInit                               0x00002351   Thumb Code   196  system_lpc17xx.o(.text)
    SystemClockUpdate                        0x00002415   Thumb Code   182  system_lpc17xx.o(.text)
    __aeabi_uldivmod                         0x000024ed   Thumb Code    98  uldiv.o(.text)
    __aeabi_llsl                             0x0000254f   Thumb Code    30  llshl.o(.text)
    _ll_shift_l                              0x0000254f   Thumb Code     0  llshl.o(.text)
    __aeabi_llsr                             0x0000256d   Thumb Code    32  llushr.o(.text)
    _ll_ushift_r                             0x0000256d   Thumb Code     0  llushr.o(.text)
    __scatterload                            0x0000258d   Thumb Code    28  init.o(.text)
    __scatterload_rt2                        0x0000258d   Thumb Code     0  init.o(.text)
    __decompress                             0x000025b1   Thumb Code     0  __dclz77c.o(.text)
    __decompress2                            0x000025b1   Thumb Code    94  __dclz77c.o(.text)
    USB_ReqGetDescriptor                     0x00002611   Thumb Code   118  usbcore.o(i.USB_ReqGetDescriptor)
    USB_ReqGetStatus                         0x00002699   Thumb Code   116  usbcore.o(i.USB_ReqGetStatus)
    USB_ReqSetClrFeature                     0x00002715   Thumb Code   146  usbcore.o(i.USB_ReqSetClrFeature)
    USB_ReqSetConfiguration                  0x000027ad   Thumb Code   344  usbcore.o(i.USB_ReqSetConfiguration)
    USB_ReqSetInterface                      0x0000290d   Thumb Code   248  usbcore.o(i.USB_ReqSetInterface)
    __scatterload_zeroinit                   0x00002a0d   Thumb Code    14  handlers.o(i.__scatterload_zeroinit)
    _init_box                                0x00002a1b   Thumb Code    70  rt_membox.o(i._init_box)
    dbg_init                                 0x00002a61   Thumb Code    34  hal_cm.o(i.dbg_init)
    dbg_task_notify                          0x00002a91   Thumb Code    32  hal_cm.o(i.dbg_task_notify)
    dbg_task_switch                          0x00002ab1   Thumb Code    16  hal_cm.o(i.dbg_task_switch)
    isrMessageGet                            0x00002ac1   Thumb Code    42  rt_cmsis.o(i.isrMessageGet)
    isrMessagePut                            0x00002aeb   Thumb Code    44  rt_cmsis.o(i.isrMessagePut)
    isr_mbx_receive                          0x00002b19   Thumb Code    86  rt_mailbox.o(i.isr_mbx_receive)
    isr_mbx_send                             0x00002b6f   Thumb Code    14  rt_mailbox.o(i.isr_mbx_send)
    osDelay                                  0x00002b7d   Thumb Code    18  rt_cmsis.o(i.osDelay)
    osKernelInitialize                       0x00002b95   Thumb Code    30  rt_cmsis.o(i.osKernelInitialize)
    osKernelStart                            0x00002bb9   Thumb Code    98  rt_cmsis.o(i.osKernelStart)
    osMessageGet                             0x00002c25   Thumb Code    18  rt_cmsis.o(i.osMessageGet)
    osThreadCreate                           0x00002c3d   Thumb Code    36  rt_cmsis.o(i.osThreadCreate)
    osThreadExit                             0x00002c69   Thumb Code    14  rt_cmsis.o(i.osThreadExit)
    osTimerCall                              0x00002c81   Thumb Code     8  rt_cmsis.o(i.osTimerCall)
    osTimerThread                            0x00002c8d   Thumb Code    38  rt_cmsis.o(i.osTimerThread)
    os_tick_init                             0x00002cb9   Thumb Code    32  rt_system.o(i.os_tick_init)
    rt_alloc_box                             0x00002ce1   Thumb Code    26  rt_membox.o(i.rt_alloc_box)
    rt_alloc_mem                             0x00002cfb   Thumb Code    62  rt_memory.o(i.rt_alloc_mem)
    rt_block                                 0x00002d39   Thumb Code    48  rt_task.o(i.rt_block)
    rt_dec_dly                               0x00002d71   Thumb Code   102  rt_list.o(i.rt_dec_dly)
    rt_dispatch                              0x00002de1   Thumb Code    60  rt_task.o(i.rt_dispatch)
    rt_evt_psh                               0x00002e25   Thumb Code    76  rt_event.o(i.rt_evt_psh)
    rt_free_box                              0x00002e75   Thumb Code    44  rt_membox.o(i.rt_free_box)
    rt_free_mem                              0x00002ea1   Thumb Code    40  rt_memory.o(i.rt_free_mem)
    rt_get_first                             0x00002ec9   Thumb Code    40  rt_list.o(i.rt_get_first)
    rt_init_mem                              0x00002f41   Thumb Code    26  rt_memory.o(i.rt_init_mem)
    rt_init_stack                            0x00002f5d   Thumb Code   118  hal_cm.o(i.rt_init_stack)
    rt_mbx_check                             0x00002fdd   Thumb Code     8  rt_mailbox.o(i.rt_mbx_check)
    rt_mbx_init                              0x00002fe5   Thumb Code    26  rt_mailbox.o(i.rt_mbx_init)
    rt_mbx_psh                               0x00003001   Thumb Code   236  rt_mailbox.o(i.rt_mbx_psh)
    rt_mbx_wait                              0x000030f1   Thumb Code   174  rt_mailbox.o(i.rt_mbx_wait)
    rt_pop_req                               0x000031e9   Thumb Code   112  rt_system.o(i.rt_pop_req)
    rt_psh_req                               0x00003265   Thumb Code    22  rt_system.o(i.rt_psh_req)
    rt_psq_enq                               0x00003285   Thumb Code    88  rt_list.o(i.rt_psq_enq)
    rt_put_dly                               0x000032e1   Thumb Code    68  rt_list.o(i.rt_put_dly)
    rt_put_prio                              0x00003329   Thumb Code    54  rt_list.o(i.rt_put_prio)
    rt_put_rdy_first                         0x00003361   Thumb Code    14  rt_list.o(i.rt_put_rdy_first)
    rt_resort_prio                           0x00003375   Thumb Code    46  rt_list.o(i.rt_resort_prio)
    rt_ret_val                               0x000033a9   Thumb Code     6  hal_cm.o(i.rt_ret_val)
    rt_ret_val2                              0x000033af   Thumb Code     8  hal_cm.o(i.rt_ret_val2)
    rt_rmv_dly                               0x000033b7   Thumb Code    40  rt_list.o(i.rt_rmv_dly)
    rt_rmv_list                              0x000033e1   Thumb Code    44  rt_list.o(i.rt_rmv_list)
    rt_sem_psh                               0x00003411   Thumb Code    48  rt_semaphore.o(i.rt_sem_psh)
    rt_stk_check                             0x00003445   Thumb Code    28  rt_system.o(i.rt_stk_check)
    rt_switch_req                            0x00003469   Thumb Code    30  rt_task.o(i.rt_switch_req)
    rt_sys_init                              0x00003491   Thumb Code   138  rt_task.o(i.rt_sys_init)
    rt_sys_start                             0x0000355d   Thumb Code   110  rt_task.o(i.rt_sys_start)
    rt_systick                               0x000035d5   Thumb Code    50  rt_system.o(i.rt_systick)
    rt_tsk_create                            0x0000365d   Thumb Code   118  rt_task.o(i.rt_tsk_create)
    rt_tsk_delete                            0x000036e5   Thumb Code   352  rt_task.o(i.rt_tsk_delete)
    rt_tsk_prio                              0x00003861   Thumb Code   108  rt_task.o(i.rt_tsk_prio)
    rt_tsk_self                              0x000038dd   Thumb Code    12  rt_task.o(i.rt_tsk_self)
    svcDelay                                 0x000038ed   Thumb Code    18  rt_cmsis.o(i.svcDelay)
    svcKernelInitialize                      0x00003901   Thumb Code    80  rt_cmsis.o(i.svcKernelInitialize)
    svcKernelStart                           0x00003971   Thumb Code    62  rt_cmsis.o(i.svcKernelStart)
    svcMessageCreate                         0x000039b9   Thumb Code    36  rt_cmsis.o(i.svcMessageCreate)
    svcMessageGet                            0x000039dd   Thumb Code    58  rt_cmsis.o(i.svcMessageGet)
    svcThreadCreate                          0x00003a19   Thumb Code    96  rt_cmsis.o(i.svcThreadCreate)
    svcThreadGetId                           0x00003a85   Thumb Code    22  rt_cmsis.o(i.svcThreadGetId)
    svcThreadTerminate                       0x00003aa1   Thumb Code    50  rt_cmsis.o(i.svcThreadTerminate)
    svcTimerCall                             0x00003ad9   Thumb Code    24  rt_cmsis.o(i.svcTimerCall)
    sysTimerTick                             0x00003af1   Thumb Code    84  rt_cmsis.o(i.sysTimerTick)
    Font_6x8_h                               0x00003b4c   Data         896  glcd_spi_lpc1700.o(.constdata)
    Font_16x24_h                             0x00003ecc   Data        5376  glcd_spi_lpc1700.o(.constdata)
    USB_DeviceDescriptor                     0x000053cc   Data          18  usbdesc.o(.constdata)
    USB_ConfigDescriptor                     0x000053de   Data         110  usbdesc.o(.constdata)
    USB_StringDescriptor                     0x0000544c   Data         100  usbdesc.o(.constdata)
    DDAdr                                    0x000054b0   Data           8  usbhw.o(.constdata)
    DDSz                                     0x000054b8   Data           8  usbhw.o(.constdata)
    USB_P_EP                                 0x000054c0   Data          64  usbuser.o(.constdata)
    TICTACTOE_O_pixel_data                   0x00005500   Data        9801  tictactoe_o.o(.constdata)
    TICTACTOE_X_pixel_data                   0x00007b49   Data        9801  tictactoe_x.o(.constdata)
    FALCON9_pixel_data                       0x0000a192   Data       153601  falcon9.o(.constdata)
    SATURNV_pixel_data                       0x0002f993   Data       153601  saturnv.o(.constdata)
    STARSHIP_pixel_data                      0x00055194   Data       153601  starship.o(.constdata)
    os_maxtaskrun                            0x0007a996   Data           2  rtx_conf_cm.o(.constdata)
    os_stackinfo                             0x0007a998   Data           4  rtx_conf_cm.o(.constdata)
    os_trv                                   0x0007a99c   Data           4  rtx_conf_cm.o(.constdata)
    os_flags                                 0x0007a9a0   Data           1  rtx_conf_cm.o(.constdata)
    CMSIS_RTOS_API_Version                   0x0007a9a4   Data           4  rtx_conf_cm.o(.constdata)
    CMSIS_RTOS_RTX_Version                   0x0007a9a8   Data           4  rtx_conf_cm.o(.constdata)
    os_clockrate                             0x0007a9ac   Data           4  rtx_conf_cm.o(.constdata)
    os_timernum                              0x0007a9b0   Data           4  rtx_conf_cm.o(.constdata)
    os_thread_def_main                       0x0007a9b4   Data          16  rtx_conf_cm.o(.constdata)
    mp_tcb_size                              0x0007a9c4   Data           2  rtx_conf_cm.o(.constdata)
    mp_stk_size                              0x0007a9c8   Data           4  rtx_conf_cm.o(.constdata)
    os_stack_sz                              0x0007a9cc   Data           4  rtx_conf_cm.o(.constdata)
    os_fifo_size                             0x0007a9d0   Data           1  rtx_conf_cm.o(.constdata)
    os_thread_def_osTimerThread              0x0007a9d4   Data          16  rtx_conf_cm.o(.constdata)
    os_messageQ_def_osTimerMessageQ          0x0007a9e4   Data           8  rtx_conf_cm.o(.constdata)
    mp_tmr_size                              0x0007a9ec   Data           2  rtx_conf_cm.o(.constdata)
    Region$$Table$$Base                      0x0007a9f0   Number         0  anon$$obj.o(Region$$Table)
    Region$$Table$$Limit                     0x0007aa20   Number         0  anon$$obj.o(Region$$Table)
    mp_stk                                   0x10000000   Data       12304  rtx_conf_cm.o(.bss)
    images                                   0x2007c204   Data          12  photo_gallery.o(.data)
    InfoBuf                                  0x2007c210   Data           4  audio_player.o(.data)
    Mute                                     0x2007c214   Data           1  audio_player.o(.data)
    DataRun                                  0x2007c215   Data           1  audio_player.o(.data)
    DataOut                                  0x2007c216   Data           2  audio_player.o(.data)
    DataIn                                   0x2007c218   Data           2  audio_player.o(.data)
    PotVal                                   0x2007c21a   Data           2  audio_player.o(.data)
    DataBuf                                  0x2007c21c   Data           4  audio_player.o(.data)
    Volume                                   0x2007c220   Data           4  audio_player.o(.data)
    VUM                                      0x2007c224   Data           4  audio_player.o(.data)
    Tick                                     0x2007c228   Data           4  audio_player.o(.data)
    VolCur                                   0x2007c434   Data           2  adcuser.o(.data)
    USB_DeviceAddress                        0x2007c438   Data           1  usbcore.o(.data)
    USB_Configuration                        0x2007c439   Data           1  usbcore.o(.data)
    USB_NumInterfaces                        0x2007c43a   Data           1  usbcore.o(.data)
    USB_DeviceStatus                         0x2007c43c   Data           2  usbcore.o(.data)
    USB_EndPointMask                         0x2007c440   Data           4  usbcore.o(.data)
    USB_EndPointHalt                         0x2007c444   Data           4  usbcore.o(.data)
    USB_EndPointStall                        0x2007c448   Data           4  usbcore.o(.data)
    USB_AltSetting                           0x2007c44c   Data           4  usbcore.o(.data)
    EP0Data                                  0x2007c450   Data           8  usbcore.o(.data)
    SetupPacket                              0x2007c458   Data           8  usbcore.o(.data)
    DDMemMap                                 0x2007c460   Data           8  usbhw.o(.data)
    current_player                           0x2007c468   Data           1  tictactoe.o(.data)
    game_over                                0x2007c469   Data           1  tictactoe.o(.data)
    selected_row                             0x2007c46c   Data           4  tictactoe.o(.data)
    selected_col                             0x2007c470   Data           4  tictactoe.o(.data)
    m_tmr                                    0x2007c474   Data           4  rtx_conf_cm.o(.data)
    osThreadId_osTimerThread                 0x2007c478   Data           4  rtx_conf_cm.o(.data)
    osMessageQId_osTimerMessageQ             0x2007c47c   Data           4  rtx_conf_cm.o(.data)
    SystemCoreClock                          0x2007c480   Data           4  system_lpc17xx.o(.data)
    SystemFrequency                          0x2007c484   Data           4  system_lpc17xx.o(.data)
    os_initialized                           0x2007c488   Data           1  rt_cmsis.o(.data)
    os_running                               0x2007c489   Data           1  rt_cmsis.o(.data)
    os_timer_head                            0x2007c48c   Data           4  rt_cmsis.o(.data)
    os_tsk                                   0x2007c490   Data           8  rt_task.o(.data)
    os_tick_irqn                             0x2007c49c   Data           4  rt_system.o(.data)
    os_time                                  0x2007c4a0   Data           4  rt_time.o(.data)
    dbg_msg                                  0x2007c4a4   Data           1  hal_cm.o(.data)
    EP0Buf                                   0x2007c4a8   Data          64  usbcore.o(.bss)
    udca                                     0x2007c4e8   Data         128  usbhw.o(.bss)
    board                                    0x2007c568   Data           9  tictactoe.o(.bss)
    os_messageQ_q_osTimerMessageQ            0x2007c574   Data          32  rtx_conf_cm.o(.bss)
    mp_tcb                                   0x2007c594   Data         376  rtx_conf_cm.o(.bss)
    os_stack_mem                             0x2007c710   Data        2280  rtx_conf_cm.o(.bss)
    os_fifo                                  0x2007cff8   Data         132  rtx_conf_cm.o(.bss)
    os_active_TCB                            0x2007d07c   Data          28  rtx_conf_cm.o(.bss)
    os_idle_TCB                              0x2007d098   Data          52  rt_task.o(.bss)
    os_rdy                                   0x2007d0cc   Data          24  rt_list.o(.bss)
    os_dly                                   0x2007d0e4   Data          24  rt_list.o(.bss)
    UDCA                                     0x2007d300   Data         128  usbhw.o(USB_RAM)
    __initial_sp                             0x2007d300   Data           0  startup_lpc17xx.o(STACK)



==============================================================================

Memory Map of the image

  Image Entry point : 0x000000cd

  Load Region LR_IROM1 (Base: 0x00000000, Size: 0x0007aec8, Max: 0x00080000, ABSOLUTE, COMPRESSED[0x0007ab80])

    Execution Region ER_IROM1 (Exec base: 0x00000000, Load base: 0x00000000, Size: 0x0007aa20, Max: 0x00080000, ABSOLUTE)

    Exec Addr    Load Addr    Size         Type   Attr      Idx    E Section Name        Object

    0x00000000   0x00000000   0x000000cc   Data   RO          607    RESET               startup_lpc17xx.o
    0x000000cc   0x000000cc   0x00000000   Code   RO         1844  * .ARM.Collect$$$$00000000  mc_w.l(entry.o)
    0x000000cc   0x000000cc   0x00000004   Code   RO         1849    .ARM.Collect$$$$00000001  mc_w.l(entry2.o)
    0x000000d0   0x000000d0   0x00000004   Code   RO         1852    .ARM.Collect$$$$00000004  mc_w.l(entry5.o)
    0x000000d4   0x000000d4   0x00000000   Code   RO         1854    .ARM.Collect$$$$00000008  mc_w.l(entry7b.o)
    0x000000d4   0x000000d4   0x00000000   Code   RO         1856    .ARM.Collect$$$$0000000A  mc_w.l(entry8b.o)
    0x000000d4   0x000000d4   0x00000004   Code   RO         1862    .ARM.Collect$$$$0000000E  mc_w.l(entry12b.o)
    0x000000d8   0x000000d8   0x00000000   Code   RO         1857    .ARM.Collect$$$$0000000F  mc_w.l(entry10a.o)
    0x000000d8   0x000000d8   0x00000000   Code   RO         1859    .ARM.Collect$$$$00000011  mc_w.l(entry11a.o)
    0x000000d8   0x000000d8   0x00000018   Code   RO          517    .ARM.Collect$$$$000000FF  rtx_conf_cm.o
    0x000000f0   0x000000f0   0x00000004   Code   RO         1850    .ARM.Collect$$$$00002712  mc_w.l(entry2.o)
    0x000000f4   0x000000f4   0x00000130   Code   RO         1831    .emb_text           RTX_CM3.lib(hal_cm3.o)
    0x00000224   0x00000224   0x00000042   Code   RO            1    .text               main.o
    0x00000266   0x00000266   0x00000002   PAD
    0x00000268   0x00000268   0x0000004c   Code   RO          228    .text               kbd.o
    0x000002b4   0x000002b4   0x00000008   Code   RO          518    .text               rtx_conf_cm.o
    0x000002bc   0x000002bc   0x00000024   Code   RO          609    .text               startup_lpc17xx.o
    0x000002e0   0x000002e0   0x00000004   Code   RO         1841    SVC_TABLE           RTX_CM3.lib(svc_table.o)
    0x000002e4   0x000002e4   0x0000000e   Code   RO         1871    i.__scatterload_copy  mc_w.l(handlers.o)
    0x000002f2   0x000002f2   0x00000002   Code   RO         1872    i.__scatterload_null  mc_w.l(handlers.o)
    0x000002f4   0x000002f4   0x00000002   Code   RO         1344    i.os_tick_irqack    RTX_CM3.lib(rt_system.o)
    0x000002f6   0x000002f6   0x00000006   Code   RO         1645    i.rt_dly_wait       RTX_CM3.lib(rt_time.o)
    0x000002fc   0x000002fc   0x00000004   Code   RO          608    .ARM.__at_0x02FC    startup_lpc17xx.o
    0x00000300   0x00000300   0x00000218   Code   RO           57    .text               menu.o
    0x00000518   0x00000518   0x000001e4   Code   RO           87    .text               photo_gallery.o
    0x000006fc   0x000006fc   0x0000020c   Code   RO          120    .text               audio_player.o
    0x00000908   0x00000908   0x0000010c   Code   RO          166    .text               game_center.o
    0x00000a14   0x00000a14   0x00000a60   Code   RO          183    .text               glcd_spi_lpc1700.o
    0x00001474   0x00001474   0x000000ac   Code   RO          247    .text               adcuser.o
    0x00001520   0x00001520   0x0000023c   Code   RO          278    .text               usbcore.o
    0x0000175c   0x0000175c   0x0000069c   Code   RO          363    .text               usbhw.o
    0x00001df8   0x00001df8   0x000000ac   Code   RO          390    .text               usbuser.o
    0x00001ea4   0x00001ea4   0x000003f4   Code   RO          489    .text               tictactoe.o
    0x00002298   0x00002298   0x00000254   Code   RO          615    .text               system_lpc17xx.o
    0x000024ec   0x000024ec   0x00000062   Code   RO         1847    .text               mc_w.l(uldiv.o)
    0x0000254e   0x0000254e   0x0000001e   Code   RO         1863    .text               mc_w.l(llshl.o)
    0x0000256c   0x0000256c   0x00000020   Code   RO         1865    .text               mc_w.l(llushr.o)
    0x0000258c   0x0000258c   0x00000024   Code   RO         1867    .text               mc_w.l(init.o)
    0x000025b0   0x000025b0   0x0000005e   Code   RO         1877    .text               mc_w.l(__dclz77c.o)
    0x0000260e   0x0000260e   0x00000002   PAD
    0x00002610   0x00002610   0x00000088   Code   RO          314    i.USB_ReqGetDescriptor  usbcore.o
    0x00002698   0x00002698   0x0000007c   Code   RO          309    i.USB_ReqGetStatus  usbcore.o
    0x00002714   0x00002714   0x00000098   Code   RO          291    i.USB_ReqSetClrFeature  usbcore.o
    0x000027ac   0x000027ac   0x00000160   Code   RO          297    i.USB_ReqSetConfiguration  usbcore.o
    0x0000290c   0x0000290c   0x00000100   Code   RO          303    i.USB_ReqSetInterface  usbcore.o
    0x00002a0c   0x00002a0c   0x0000000e   Code   RO         1873    i.__scatterload_zeroinit  mc_w.l(handlers.o)
    0x00002a1a   0x00002a1a   0x00000046   Code   RO         1709    i._init_box         RTX_CM3.lib(rt_membox.o)
    0x00002a60   0x00002a60   0x00000030   Code   RO         1762    i.dbg_init          RTX_CM3.lib(hal_cm.o)
    0x00002a90   0x00002a90   0x00000020   Code   RO         1763    i.dbg_task_notify   RTX_CM3.lib(hal_cm.o)
    0x00002ab0   0x00002ab0   0x00000010   Code   RO         1764    i.dbg_task_switch   RTX_CM3.lib(hal_cm.o)
    0x00002ac0   0x00002ac0   0x0000002a   Code   RO          636    i.isrMessageGet     RTX_CM3.lib(rt_cmsis.o)
    0x00002aea   0x00002aea   0x0000002c   Code   RO          637    i.isrMessagePut     RTX_CM3.lib(rt_cmsis.o)
    0x00002b16   0x00002b16   0x00000002   PAD
    0x00002b18   0x00002b18   0x00000056   Code   RO         1555    i.isr_mbx_receive   RTX_CM3.lib(rt_mailbox.o)
    0x00002b6e   0x00002b6e   0x0000000e   Code   RO         1556    i.isr_mbx_send      RTX_CM3.lib(rt_mailbox.o)
    0x00002b7c   0x00002b7c   0x00000018   Code   RO          640    i.osDelay           RTX_CM3.lib(rt_cmsis.o)
    0x00002b94   0x00002b94   0x00000024   Code   RO          641    i.osKernelInitialize  RTX_CM3.lib(rt_cmsis.o)
    0x00002bb8   0x00002bb8   0x0000006c   Code   RO          643    i.osKernelStart     RTX_CM3.lib(rt_cmsis.o)
    0x00002c24   0x00002c24   0x00000018   Code   RO          652    i.osMessageGet      RTX_CM3.lib(rt_cmsis.o)
    0x00002c3c   0x00002c3c   0x0000002c   Code   RO          669    i.osThreadCreate    RTX_CM3.lib(rt_cmsis.o)
    0x00002c68   0x00002c68   0x00000018   Code   RO          670    i.osThreadExit      RTX_CM3.lib(rt_cmsis.o)
    0x00002c80   0x00002c80   0x0000000c   Code   RO          676    i.osTimerCall       RTX_CM3.lib(rt_cmsis.o)
    0x00002c8c   0x00002c8c   0x0000002c   Code   RO          681    i.osTimerThread     RTX_CM3.lib(rt_cmsis.o)
    0x00002cb8   0x00002cb8   0x00000028   Code   RO         1343    i.os_tick_init      RTX_CM3.lib(rt_system.o)
    0x00002ce0   0x00002ce0   0x0000001a   Code   RO         1710    i.rt_alloc_box      RTX_CM3.lib(rt_membox.o)
    0x00002cfa   0x00002cfa   0x0000003e   Code   RO         1738    i.rt_alloc_mem      RTX_CM3.lib(rt_memory.o)
    0x00002d38   0x00002d38   0x00000038   Code   RO         1258    i.rt_block          RTX_CM3.lib(rt_task.o)
    0x00002d70   0x00002d70   0x00000070   Code   RO         1479    i.rt_dec_dly        RTX_CM3.lib(rt_list.o)
    0x00002de0   0x00002de0   0x00000044   Code   RO         1259    i.rt_dispatch       RTX_CM3.lib(rt_task.o)
    0x00002e24   0x00002e24   0x00000050   Code   RO         1436    i.rt_evt_psh        RTX_CM3.lib(rt_event.o)
    0x00002e74   0x00002e74   0x0000002c   Code   RO         1711    i.rt_free_box       RTX_CM3.lib(rt_membox.o)
    0x00002ea0   0x00002ea0   0x00000028   Code   RO         1739    i.rt_free_mem       RTX_CM3.lib(rt_memory.o)
    0x00002ec8   0x00002ec8   0x00000028   Code   RO         1480    i.rt_get_first      RTX_CM3.lib(rt_list.o)
    0x00002ef0   0x00002ef0   0x00000008   Code   RO          686    i.rt_id2obj         RTX_CM3.lib(rt_cmsis.o)
    0x00002ef8   0x00002ef8   0x00000048   Code   RO         1260    i.rt_init_context   RTX_CM3.lib(rt_task.o)
    0x00002f40   0x00002f40   0x0000001a   Code   RO         1740    i.rt_init_mem       RTX_CM3.lib(rt_memory.o)
    0x00002f5a   0x00002f5a   0x00000002   PAD
    0x00002f5c   0x00002f5c   0x00000080   Code   RO         1765    i.rt_init_stack     RTX_CM3.lib(hal_cm.o)
    0x00002fdc   0x00002fdc   0x00000008   Code   RO         1557    i.rt_mbx_check      RTX_CM3.lib(rt_mailbox.o)
    0x00002fe4   0x00002fe4   0x0000001a   Code   RO         1558    i.rt_mbx_init       RTX_CM3.lib(rt_mailbox.o)
    0x00002ffe   0x00002ffe   0x00000002   PAD
    0x00003000   0x00003000   0x000000f0   Code   RO         1559    i.rt_mbx_psh        RTX_CM3.lib(rt_mailbox.o)
    0x000030f0   0x000030f0   0x000000b4   Code   RO         1561    i.rt_mbx_wait       RTX_CM3.lib(rt_mailbox.o)
    0x000031a4   0x000031a4   0x00000044   Code   RO          687    i.rt_ms2tick        RTX_CM3.lib(rt_cmsis.o)
    0x000031e8   0x000031e8   0x0000007c   Code   RO         1347    i.rt_pop_req        RTX_CM3.lib(rt_system.o)
    0x00003264   0x00003264   0x00000020   Code   RO         1348    i.rt_psh_req        RTX_CM3.lib(rt_system.o)
    0x00003284   0x00003284   0x0000005c   Code   RO         1482    i.rt_psq_enq        RTX_CM3.lib(rt_list.o)
    0x000032e0   0x000032e0   0x00000048   Code   RO         1483    i.rt_put_dly        RTX_CM3.lib(rt_list.o)
    0x00003328   0x00003328   0x00000036   Code   RO         1484    i.rt_put_prio       RTX_CM3.lib(rt_list.o)
    0x0000335e   0x0000335e   0x00000002   PAD
    0x00003360   0x00003360   0x00000014   Code   RO         1485    i.rt_put_rdy_first  RTX_CM3.lib(rt_list.o)
    0x00003374   0x00003374   0x00000034   Code   RO         1486    i.rt_resort_prio    RTX_CM3.lib(rt_list.o)
    0x000033a8   0x000033a8   0x00000006   Code   RO         1766    i.rt_ret_val        RTX_CM3.lib(hal_cm.o)
    0x000033ae   0x000033ae   0x00000008   Code   RO         1767    i.rt_ret_val2       RTX_CM3.lib(hal_cm.o)
    0x000033b6   0x000033b6   0x00000028   Code   RO         1487    i.rt_rmv_dly        RTX_CM3.lib(rt_list.o)
    0x000033de   0x000033de   0x00000002   PAD
    0x000033e0   0x000033e0   0x00000030   Code   RO         1488    i.rt_rmv_list       RTX_CM3.lib(rt_list.o)
    0x00003410   0x00003410   0x00000034   Code   RO         1606    i.rt_sem_psh        RTX_CM3.lib(rt_semaphore.o)
    0x00003444   0x00003444   0x00000024   Code   RO         1350    i.rt_stk_check      RTX_CM3.lib(rt_system.o)
    0x00003468   0x00003468   0x00000028   Code   RO         1261    i.rt_switch_req     RTX_CM3.lib(rt_task.o)
    0x00003490   0x00003490   0x000000cc   Code   RO         1262    i.rt_sys_init       RTX_CM3.lib(rt_task.o)
    0x0000355c   0x0000355c   0x00000078   Code   RO         1263    i.rt_sys_start      RTX_CM3.lib(rt_task.o)
    0x000035d4   0x000035d4   0x00000040   Code   RO         1352    i.rt_systick        RTX_CM3.lib(rt_system.o)
    0x00003614   0x00003614   0x00000012   Code   RO          688    i.rt_tid2ptcb       RTX_CM3.lib(rt_cmsis.o)
    0x00003626   0x00003626   0x00000002   PAD
    0x00003628   0x00003628   0x00000034   Code   RO          689    i.rt_timer_insert   RTX_CM3.lib(rt_cmsis.o)
    0x0000365c   0x0000365c   0x00000088   Code   RO         1264    i.rt_tsk_create     RTX_CM3.lib(rt_task.o)
    0x000036e4   0x000036e4   0x0000017c   Code   RO         1265    i.rt_tsk_delete     RTX_CM3.lib(rt_task.o)
    0x00003860   0x00003860   0x0000007c   Code   RO         1267    i.rt_tsk_prio       RTX_CM3.lib(rt_task.o)
    0x000038dc   0x000038dc   0x00000010   Code   RO         1268    i.rt_tsk_self       RTX_CM3.lib(rt_task.o)
    0x000038ec   0x000038ec   0x00000012   Code   RO          691    i.svcDelay          RTX_CM3.lib(rt_cmsis.o)
    0x000038fe   0x000038fe   0x00000002   PAD
    0x00003900   0x00003900   0x00000070   Code   RO          692    i.svcKernelInitialize  RTX_CM3.lib(rt_cmsis.o)
    0x00003970   0x00003970   0x00000048   Code   RO          694    i.svcKernelStart    RTX_CM3.lib(rt_cmsis.o)
    0x000039b8   0x000039b8   0x00000024   Code   RO          697    i.svcMessageCreate  RTX_CM3.lib(rt_cmsis.o)
    0x000039dc   0x000039dc   0x0000003a   Code   RO          698    i.svcMessageGet     RTX_CM3.lib(rt_cmsis.o)
    0x00003a16   0x00003a16   0x00000002   PAD
    0x00003a18   0x00003a18   0x0000006c   Code   RO          712    i.svcThreadCreate   RTX_CM3.lib(rt_cmsis.o)
    0x00003a84   0x00003a84   0x0000001c   Code   RO          713    i.svcThreadGetId    RTX_CM3.lib(rt_cmsis.o)
    0x00003aa0   0x00003aa0   0x00000038   Code   RO          716    i.svcThreadTerminate  RTX_CM3.lib(rt_cmsis.o)
    0x00003ad8   0x00003ad8   0x00000018   Code   RO          718    i.svcTimerCall      RTX_CM3.lib(rt_cmsis.o)
    0x00003af0   0x00003af0   0x0000005c   Code   RO          727    i.sysTimerTick      RTX_CM3.lib(rt_cmsis.o)
    0x00003b4c   0x00003b4c   0x00001880   Data   RO          184    .constdata          glcd_spi_lpc1700.o
    0x000053cc   0x000053cc   0x00000012   Data   RO          349    .constdata          usbdesc.o
    0x000053de   0x000053de   0x0000006e   Data   RO          350    .constdata          usbdesc.o
    0x0000544c   0x0000544c   0x00000064   Data   RO          351    .constdata          usbdesc.o
    0x000054b0   0x000054b0   0x00000010   Data   RO          365    .constdata          usbhw.o
    0x000054c0   0x000054c0   0x00000040   Data   RO          391    .constdata          usbuser.o
    0x00005500   0x00005500   0x00002649   Data   RO          423    .constdata          tictactoe_o.o
    0x00007b49   0x00007b49   0x00002649   Data   RO          435    .constdata          tictactoe_x.o
    0x0000a192   0x0000a192   0x00025801   Data   RO          453    .constdata          falcon9.o
    0x0002f993   0x0002f993   0x00025801   Data   RO          465    .constdata          saturnv.o
    0x00055194   0x00055194   0x00025801   Data   RO          477    .constdata          starship.o
    0x0007a995   0x0007a995   0x00000001   PAD
    0x0007a996   0x0007a996   0x00000002   Data   RO          525    .constdata          rtx_conf_cm.o
    0x0007a998   0x0007a998   0x00000004   Data   RO          526    .constdata          rtx_conf_cm.o
    0x0007a99c   0x0007a99c   0x00000004   Data   RO          531    .constdata          rtx_conf_cm.o
    0x0007a9a0   0x0007a9a0   0x00000001   Data   RO          532    .constdata          rtx_conf_cm.o
    0x0007a9a1   0x0007a9a1   0x00000003   PAD
    0x0007a9a4   0x0007a9a4   0x00000020   Data   RO          533    .constdata          rtx_conf_cm.o
    0x0007a9c4   0x0007a9c4   0x00000002   Data   RO          534    .constdata          rtx_conf_cm.o
    0x0007a9c6   0x0007a9c6   0x00000002   PAD
    0x0007a9c8   0x0007a9c8   0x00000004   Data   RO          535    .constdata          rtx_conf_cm.o
    0x0007a9cc   0x0007a9cc   0x00000004   Data   RO          536    .constdata          rtx_conf_cm.o
    0x0007a9d0   0x0007a9d0   0x00000001   Data   RO          537    .constdata          rtx_conf_cm.o
    0x0007a9d1   0x0007a9d1   0x00000003   PAD
    0x0007a9d4   0x0007a9d4   0x00000010   Data   RO          538    .constdata          rtx_conf_cm.o
    0x0007a9e4   0x0007a9e4   0x00000008   Data   RO          539    .constdata          rtx_conf_cm.o
    0x0007a9ec   0x0007a9ec   0x00000002   Data   RO          540    .constdata          rtx_conf_cm.o
    0x0007a9ee   0x0007a9ee   0x00000002   PAD
    0x0007a9f0   0x0007a9f0   0x00000030   Data   RO         1869    Region$$Table       anon$$obj.o


    Execution Region RW_IRAM1 (Exec base: 0x10000000, Load base: 0x0007aa20, Size: 0x00003010, Max: 0x00008000, ABSOLUTE)

    Exec Addr    Load Addr    Size         Type   Attr      Idx    E Section Name        Object

    0x10000000        -       0x00003010   Zero   RW          521    .bss                rtx_conf_cm.o


    Execution Region RW_IRAM2 (Exec base: 0x2007c000, Load base: 0x0007aa20, Size: 0x00001380, Max: 0x00008000, ABSOLUTE, COMPRESSED[0x00000160])

    Exec Addr    Load Addr    Size         Type   Attr      Idx    E Section Name        Object

    0x2007c000   COMPRESSED   0x00000210   Data   RW           88    .data               photo_gallery.o
    0x2007c210   COMPRESSED   0x00000004   Data   RW          121    .data               audio_player.o
    0x2007c214   COMPRESSED   0x00000018   Data   RW          122    .data               audio_player.o
    0x2007c22c   COMPRESSED   0x00000201   Data   RW          167    .data               game_center.o
    0x2007c42d   COMPRESSED   0x00000001   PAD
    0x2007c42e   COMPRESSED   0x00000006   Data   RW          185    .data               glcd_spi_lpc1700.o
    0x2007c434   COMPRESSED   0x00000002   Data   RW          251    .data               adcuser.o
    0x2007c436   COMPRESSED   0x00000002   PAD
    0x2007c438   COMPRESSED   0x00000028   Data   RW          280    .data               usbcore.o
    0x2007c460   COMPRESSED   0x00000008   Data   RW          366    .data               usbhw.o
    0x2007c468   COMPRESSED   0x0000000c   Data   RW          491    .data               tictactoe.o
    0x2007c474   COMPRESSED   0x00000004   Data   RW          542    .data               rtx_conf_cm.o
    0x2007c478   COMPRESSED   0x00000004   Data   RW          543    .data               rtx_conf_cm.o
    0x2007c47c   COMPRESSED   0x00000004   Data   RW          544    .data               rtx_conf_cm.o
    0x2007c480   COMPRESSED   0x00000008   Data   RW          616    .data               system_lpc17xx.o
    0x2007c488   COMPRESSED   0x00000008   Data   RW          730    .data               RTX_CM3.lib(rt_cmsis.o)
    0x2007c490   COMPRESSED   0x00000008   Data   RW         1270    .data               RTX_CM3.lib(rt_task.o)
    0x2007c498   COMPRESSED   0x00000008   Data   RW         1355    .data               RTX_CM3.lib(rt_system.o)
    0x2007c4a0   COMPRESSED   0x00000004   Data   RW         1649    .data               RTX_CM3.lib(rt_time.o)
    0x2007c4a4   COMPRESSED   0x00000001   Data   RW         1768    .data               RTX_CM3.lib(hal_cm.o)
    0x2007c4a5   COMPRESSED   0x00000003   PAD
    0x2007c4a8        -       0x00000040   Zero   RW          279    .bss                usbcore.o
    0x2007c4e8        -       0x00000080   Zero   RW          364    .bss                usbhw.o
    0x2007c568        -       0x00000009   Zero   RW          490    .bss                tictactoe.o
    0x2007c571   COMPRESSED   0x00000003   PAD
    0x2007c574        -       0x00000020   Zero   RW          519    .bss                rtx_conf_cm.o
    0x2007c594        -       0x00000178   Zero   RW          520    .bss                rtx_conf_cm.o
    0x2007c70c   COMPRESSED   0x00000004   PAD
    0x2007c710        -       0x000008e8   Zero   RW          522    .bss                rtx_conf_cm.o
    0x2007cff8        -       0x00000084   Zero   RW          523    .bss                rtx_conf_cm.o
    0x2007d07c        -       0x0000001c   Zero   RW          524    .bss                rtx_conf_cm.o
    0x2007d098        -       0x00000034   Zero   RW         1269    .bss                RTX_CM3.lib(rt_task.o)
    0x2007d0cc        -       0x00000030   Zero   RW         1489    .bss                RTX_CM3.lib(rt_list.o)
    0x2007d0fc   COMPRESSED   0x00000004   PAD
    0x2007d100        -       0x00000200   Zero   RW          605    STACK               startup_lpc17xx.o
    0x2007d300        -       0x00000080   Zero   RW          367    USB_RAM             usbhw.o

